Archive member included to satisfy reference by file (symbol)

/Users/kuanglixian/Library/Application Support/Code/User/globalStorage/vexrobotics.vexcode/sdk/cpp/V5/V5_20240223_11_00_00/vexv5/libv5rt.a(v5_startup.c.obj)
                              (vexStartup)
/Users/kuanglixian/Library/Application Support/Code/User/globalStorage/vexrobotics.vexcode/sdk/cpp/V5/V5_20240223_11_00_00/vexv5/libv5rt.a(v5_util.c.obj)
                              /Users/kuanglixian/Library/Application Support/Code/User/globalStorage/vexrobotics.vexcode/sdk/cpp/V5/V5_20240223_11_00_00/vexv5/libv5rt.a(v5_startup.c.obj) (vexStdlibVersionLinked)
/Users/kuanglixian/Library/Application Support/Code/User/globalStorage/vexrobotics.vexcode/sdk/cpp/V5/V5_20240223_11_00_00/vexv5/libv5rt.a(v5_apijump.c.obj)
                              /Users/kuanglixian/Library/Application Support/Code/User/globalStorage/vexrobotics.vexcode/sdk/cpp/V5/V5_20240223_11_00_00/vexv5/libv5rt.a(v5_startup.c.obj) (vexPrivateApiEnable)
/Users/kuanglixian/Library/Application Support/Code/User/globalStorage/vexrobotics.vexcode/sdk/cpp/V5/V5_20240223_11_00_00/vexv5/libv5rt.a(v5_apiversions.c.obj)
                              /Users/kuanglixian/Library/Application Support/Code/User/globalStorage/vexrobotics.vexcode/sdk/cpp/V5/V5_20240223_11_00_00/vexv5/libv5rt.a(v5_apijump.c.obj) (vexSystemVersion)
/Users/kuanglixian/Library/Application Support/Code/User/globalStorage/vexrobotics.vexcode/sdk/cpp/V5/V5_20240223_11_00_00/vexv5/libv5rt.a(vex_global.cpp.obj)
                              build/src/main.o (vex::wait(double, vex::timeUnits))
/Users/kuanglixian/Library/Application Support/Code/User/globalStorage/vexrobotics.vexcode/sdk/cpp/V5/V5_20240223_11_00_00/vexv5/libv5rt.a(vex_motor.cpp.obj)
                              build/src/main.o (vex::motor::~motor())
/Users/kuanglixian/Library/Application Support/Code/User/globalStorage/vexrobotics.vexcode/sdk/cpp/V5/V5_20240223_11_00_00/vexv5/libv5rt.a(vex_vision.cpp.obj)
                              build/src/main.o (vex::vision::~vision())
/Users/kuanglixian/Library/Application Support/Code/User/globalStorage/vexrobotics.vexcode/sdk/cpp/V5/V5_20240223_11_00_00/vexv5/libv5rt.a(vex_optical.cpp.obj)
                              build/src/main.o (vex::optical::~optical())
/Users/kuanglixian/Library/Application Support/Code/User/globalStorage/vexrobotics.vexcode/sdk/cpp/V5/V5_20240223_11_00_00/vexv5/libv5rt.a(vex_distance.cpp.obj)
                              build/src/main.o (vex::distance::~distance())
/Users/kuanglixian/Library/Application Support/Code/User/globalStorage/vexrobotics.vexcode/sdk/cpp/V5/V5_20240223_11_00_00/vexv5/libv5rt.a(vex_controller.cpp.obj)
                              build/src/main.o (vex::controller::~controller())
/Users/kuanglixian/Library/Application Support/Code/User/globalStorage/vexrobotics.vexcode/sdk/cpp/V5/V5_20240223_11_00_00/vexv5/libv5rt.a(vex_thread.cpp.obj)
                              /Users/kuanglixian/Library/Application Support/Code/User/globalStorage/vexrobotics.vexcode/sdk/cpp/V5/V5_20240223_11_00_00/vexv5/libv5rt.a(vex_global.cpp.obj) (vex::this_thread::sleep_for(unsigned long))
/Users/kuanglixian/Library/Application Support/Code/User/globalStorage/vexrobotics.vexcode/sdk/cpp/V5/V5_20240223_11_00_00/vexv5/libv5rt.a(vex_event.cpp.obj)
                              /Users/kuanglixian/Library/Application Support/Code/User/globalStorage/vexrobotics.vexcode/sdk/cpp/V5/V5_20240223_11_00_00/vexv5/libv5rt.a(vex_optical.cpp.obj) (vex::event::init(unsigned long, unsigned long, void (*)()))
/Users/kuanglixian/Library/Application Support/Code/User/globalStorage/vexrobotics.vexcode/sdk/cpp/V5/V5_20240223_11_00_00/vexv5/libv5rt.a(vex_mevent.cpp.obj)
                              /Users/kuanglixian/Library/Application Support/Code/User/globalStorage/vexrobotics.vexcode/sdk/cpp/V5/V5_20240223_11_00_00/vexv5/libv5rt.a(vex_controller.cpp.obj) (vex::mevent::mevent(unsigned long, unsigned long))
/Users/kuanglixian/Library/Application Support/Code/User/globalStorage/vexrobotics.vexcode/sdk/cpp/V5/V5_20240223_11_00_00/vexv5/libv5rt.a(vex_brain.cpp.obj)
                              build/src/main.o (vex::brain::lcd::setCursor(long, long))
/Users/kuanglixian/Library/Application Support/Code/User/globalStorage/vexrobotics.vexcode/sdk/cpp/V5/V5_20240223_11_00_00/vexv5/libv5rt.a(vex_competition.cpp.obj)
                              build/src/main.o (vex::competition::competition())
/Users/kuanglixian/Library/Application Support/Code/User/globalStorage/vexrobotics.vexcode/sdk/cpp/V5/V5_20240223_11_00_00/vexv5/libv5rt.a(vex_triport.cpp.obj)
                              /Users/kuanglixian/Library/Application Support/Code/User/globalStorage/vexrobotics.vexcode/sdk/cpp/V5/V5_20240223_11_00_00/vexv5/libv5rt.a(vex_brain.cpp.obj) (vex::triport::~triport())
[...]
Memory Configuration

Name             Origin             Length             Attributes
ps7_ddr_0_S_AXI_BASEADDR 0x0000000003800000 0x0000000004800000
*default*        0x0000000000000000 0xffffffffffffffff

Linker script and memory map

                0x0000000000002000                _STACK_SIZE = DEFINED (_STACK_SIZE)?_STACK_SIZE:0x2000
                0x0000000000100000                _HEAP_SIZE = DEFINED (_HEAP_SIZE)?_HEAP_SIZE:0x100000
                0x0000000000000400                _ABORT_STACK_SIZE = DEFINED (_ABORT_STACK_SIZE)?_ABORT_STACK_SIZE:0x400
                0x0000000000000800                _SUPERVISOR_STACK_SIZE = DEFINED (_SUPERVISOR_STACK_SIZE)?_SUPERVISOR_STACK_SIZE:0x800
                0x0000000000000400                _IRQ_STACK_SIZE = DEFINED (_IRQ_STACK_SIZE)?_IRQ_STACK_SIZE:0x400
                0x0000000000000400                _FIQ_STACK_SIZE = DEFINED (_FIQ_STACK_SIZE)?_FIQ_STACK_SIZE:0x400
                0x0000000000000400                _UNDEF_STACK_SIZE = DEFINED (_UNDEF_STACK_SIZE)?_UNDEF_STACK_SIZE:0x400

.text           0x0000000003800000     0x4510
 *(.vectors)
 *(.boot_data)
 .boot_data     0x0000000003800000       0x20 /Users/kuanglixian/Library/Application Support/Code/User/globalStorage/vexrobotics.vexcode/sdk/cpp/V5/V5_20240223_11_00_00/vexv5/libv5rt.a(v5_startup.c.obj)
                0x0000000003800000                vexCodeSig
                0x0000000000000020                . = 0x20
 *(.boot)
 .boot          0x0000000003800020       0xbc /Users/kuanglixian/Library/Application Support/Code/User/globalStorage/vexrobotics.vexcode/sdk/cpp/V5/V5_20240223_11_00_00/vexv5/libv5rt.a(v5_startup.c.obj)
                0x0000000003800020                vexStartup
                0x0000000003800100                . = ALIGN (0x40)
 *fill*         0x00000000038000dc       0x24 
 *(.freertos_vectors)
 *(.text)
 *(.text.*)
 .text._ZNSt5arrayIN3vex8aivision9colordescELj2EED2Ev
                0x0000000003800100       0x2c build/src/main.o
                0x0000000003800100                std::array<vex::aivision::colordesc, 2u>::~array()
 .text._ZN3vex6visionC2IJNS0_9signatureES2_EEElhDpRT_
                0x000000000380012c       0x40 build/src/main.o
                0x000000000380012c                vex::vision::vision<vex::vision::signature, vex::vision::signature>(long, unsigned char, vex::vision::signature&, vex::vision::signature&)
 .text._Z9tankDrivedd
                0x000000000380016c       0x94 build/src/main.o
                0x000000000380016c                tankDrive(double, double)
 .text._Z5armUpv
                0x0000000003800200       0x18 build/src/main.o
                0x0000000003800200                armUp()
 .text._Z7armDownv
                0x0000000003800218       0x18 build/src/main.o
                0x0000000003800218                armDown()
 .text._Z6fArmUpv
                0x0000000003800230       0x18 build/src/main.o
                0x0000000003800230                fArmUp()
 .text._Z8fArmDownv
                0x0000000003800248       0x18 build/src/main.o
                0x0000000003800248                fArmDown()
 .text._Z10aiObjCounti
                0x0000000003800260       0x64 build/src/main.o
                0x0000000003800260                aiObjCount(int)
 .text._Z9aiGetXPosi
                0x00000000038002c4       0x7c build/src/main.o
                0x00000000038002c4                aiGetXPos(int)
 .text._Z11getDistancev
                0x0000000003800340      0x260 build/src/main.o
                0x0000000003800340                getDistance()
 .text._Z10autonomousv
                0x00000000038005a0       0x34 build/src/main.o
                0x00000000038005a0                autonomous()
 .text._Z11usercontrolv
                0x00000000038005d4       0x30 build/src/main.o
                0x00000000038005d4                usercontrol()
 *fill*         0x0000000003800604        0x4 
 .text.main     0x0000000003800608      0x140 build/src/main.o
                0x0000000003800608                main
 .text._GLOBAL__sub_I_main.cpp
                0x0000000003800748      0x40c build/src/main.o
 .text.vexMain  0x0000000003800b54       0xb0 /Users/kuanglixian/Library/Application Support/Code/User/globalStorage/vexrobotics.vexcode/sdk/cpp/V5/V5_20240223_11_00_00/vexv5/libv5rt.a(v5_startup.c.obj)
                0x0000000003800b54                vexMain
 .text.__vex_function_prolog
                0x0000000003800c04       0x18 /Users/kuanglixian/Library/Application Support/Code/User/globalStorage/vexrobotics.vexcode/sdk/cpp/V5/V5_20240223_11_00_00/vexv5/libv5rt.a(v5_startup.c.obj)
                0x0000000003800c04                __vex_function_prolog
 .text._init    0x0000000003800c1c        0x4 /Users/kuanglixian/Library/Application Support/Code/User/globalStorage/vexrobotics.vexcode/sdk/cpp/V5/V5_20240223_11_00_00/vexv5/libv5rt.a(v5_startup.c.obj)
                0x0000000003800c1c                _init
 .text._fini    0x0000000003800c20        0x4 /Users/kuanglixian/Library/Application Support/Code/User/globalStorage/vexrobotics.vexcode/sdk/cpp/V5/V5_20240223_11_00_00/vexv5/libv5rt.a(v5_startup.c.obj)
                0x0000000003800c20                _fini
 .text.vexStdlibVersionLinked
                0x0000000003800c24        0xc /Users/kuanglixian/Library/Application Support/Code/User/globalStorage/vexrobotics.vexcode/sdk/cpp/V5/V5_20240223_11_00_00/vexv5/libv5rt.a(v5_util.c.obj)
                0x0000000003800c24                vexStdlibVersionLinked
 .text.vexStdlibVersionVerify
                0x0000000003800c30       0x30 /Users/kuanglixian/Library/Application Support/Code/User/globalStorage/vexrobotics.vexcode/sdk/cpp/V5/V5_20240223_11_00_00/vexv5/libv5rt.a(v5_util.c.obj)
                0x0000000003800c30                vexStdlibVersionVerify
 .text.vexPrivateApiEnable
                0x0000000003800c60       0x10 /Users/kuanglixian/Library/Application Support/Code/User/globalStorage/vexrobotics.vexcode/sdk/cpp/V5/V5_20240223_11_00_00/vexv5/libv5rt.a(v5_apijump.c.obj)
                0x0000000003800c60                vexPrivateApiEnable
 .text.vexStdlibMismatchError
                0x0000000003800c70       0x3c /Users/kuanglixian/Library/Application Support/Code/User/globalStorage/vexrobotics.vexcode/sdk/cpp/V5/V5_20240223_11_00_00/vexv5/libv5rt.a(v5_apijump.c.obj)
                0x0000000003800c70                vexStdlibMismatchError
 .text.vexTaskAdd
                0x0000000003800cac       0x10 /Users/kuanglixian/Library/Application Support/Code/User/globalStorage/vexrobotics.vexcode/sdk/cpp/V5/V5_20240223_11_00_00/vexv5/libv5rt.a(v5_apijump.c.obj)
                0x0000000003800cac                vexTaskAdd
 .text.vexTasksRun
                0x0000000003800cbc       0x10 /Users/kuanglixian/Library/Application Support/Code/User/globalStorage/vexrobotics.vexcode/sdk/cpp/V5/V5_20240223_11_00_00/vexv5/libv5rt.a(v5_apijump.c.obj)
                0x0000000003800cbc                vexTasksRun
 .text.vexTaskYield
                0x0000000003800ccc       0x10 /Users/kuanglixian/Library/Application Support/Code/User/globalStorage/vexrobotics.vexcode/sdk/cpp/V5/V5_20240223_11_00_00/vexv5/libv5rt.a(v5_apijump.c.obj)
                0x0000000003800ccc                vexTaskYield
 .text.vexTaskCheckTimeslice
                0x0000000003800cdc       0x10 /Users/kuanglixian/Library/Application Support/Code/User/globalStorage/vexrobotics.vexcode/sdk/cpp/V5/V5_20240223_11_00_00/vexv5/libv5rt.a(v5_apijump.c.obj)
                0x0000000003800cdc                vexTaskCheckTimeslice
 .text.vexTaskSleep
                0x0000000003800cec       0x10 /Users/kuanglixian/Library/Application Support/Code/User/globalStorage/vexrobotics.vexcode/sdk/cpp/V5/V5_20240223_11_00_00/vexv5/libv5rt.a(v5_apijump.c.obj)
                0x0000000003800cec                vexTaskSleep
 .text.vexTasksDump
                0x0000000003800cfc       0x1c /Users/kuanglixian/Library/Application Support/Code/User/globalStorage/vexrobotics.vexcode/sdk/cpp/V5/V5_20240223_11_00_00/vexv5/libv5rt.a(v5_apijump.c.obj)
                0x0000000003800cfc                vexTasksDump
 .text.vexTaskGetTaskIndex
                0x0000000003800d18       0x10 /Users/kuanglixian/Library/Application Support/Code/User/globalStorage/vexrobotics.vexcode/sdk/cpp/V5/V5_20240223_11_00_00/vexv5/libv5rt.a(v5_apijump.c.obj)
                0x0000000003800d18                vexTaskGetTaskIndex
 .text.vexTaskStopAll
                0x0000000003800d28       0x10 /Users/kuanglixian/Library/Application Support/Code/User/globalStorage/vexrobotics.vexcode/sdk/cpp/V5/V5_20240223_11_00_00/vexv5/libv5rt.a(v5_apijump.c.obj)
                0x0000000003800d28                vexTaskStopAll
 .text.vexTaskRemoveAllUser
                0x0000000003800d38       0x34 /Users/kuanglixian/Library/Application Support/Code/User/globalStorage/vexrobotics.vexcode/sdk/cpp/V5/V5_20240223_11_00_00/vexv5/libv5rt.a(v5_apijump.c.obj)
                0x0000000003800d38                vexTaskRemoveAllUser
 .text.vexTaskCompletionIdSet
                0x0000000003800d6c       0x10 /Users/kuanglixian/Library/Application Support/Code/User/globalStorage/vexrobotics.vexcode/sdk/cpp/V5/V5_20240223_11_00_00/vexv5/libv5rt.a(v5_apijump.c.obj)
                0x0000000003800d6c                vexTaskCompletionIdSet
 .text.vexTaskStopWithId
                0x0000000003800d7c       0x10 /Users/kuanglixian/Library/Application Support/Code/User/globalStorage/vexrobotics.vexcode/sdk/cpp/V5/V5_20240223_11_00_00/vexv5/libv5rt.a(v5_apijump.c.obj)
                0x0000000003800d7c                vexTaskStopWithId
 .text.vexEventAdd
                0x0000000003800d8c       0x34 /Users/kuanglixian/Library/Application Support/Code/User/globalStorage/vexrobotics.vexcode/sdk/cpp/V5/V5_20240223_11_00_00/vexv5/libv5rt.a(v5_apijump.c.obj)
                0x0000000003800d8c                vexEventAdd
 .text.vexEventUserIndexGet
                0x0000000003800dc0       0x1c /Users/kuanglixian/Library/Application Support/Code/User/globalStorage/vexrobotics.vexcode/sdk/cpp/V5/V5_20240223_11_00_00/vexv5/libv5rt.a(v5_apijump.c.obj)
                0x0000000003800dc0                vexEventUserIndexGet
 .text.vexEventAddWithArg
                0x0000000003800ddc       0x3c /Users/kuanglixian/Library/Application Support/Code/User/globalStorage/vexrobotics.vexcode/sdk/cpp/V5/V5_20240223_11_00_00/vexv5/libv5rt.a(v5_apijump.c.obj)
                0x0000000003800ddc                vexEventAddWithArg
 .text.vexEventsCleanup
                0x0000000003800e18       0x2c /Users/kuanglixian/Library/Application Support/Code/User/globalStorage/vexrobotics.vexcode/sdk/cpp/V5/V5_20240223_11_00_00/vexv5/libv5rt.a(v5_apijump.c.obj)
                0x0000000003800e18                vexEventsCleanup
 .text.vexDebug
                0x0000000003800e44       0x38 /Users/kuanglixian/Library/Application Support/Code/User/globalStorage/vexrobotics.vexcode/sdk/cpp/V5/V5_20240223_11_00_00/vexv5/libv5rt.a(v5_apijump.c.obj)
                0x0000000003800e44                vexDebug
 .text.vex_sprintf
                0x0000000003800e7c       0x40 /Users/kuanglixian/Library/Application Support/Code/User/globalStorage/vexrobotics.vexcode/sdk/cpp/V5/V5_20240223_11_00_00/vexv5/libv5rt.a(v5_apijump.c.obj)
                0x0000000003800e7c                vex_sprintf
 .text.vex_vsnprintf
                0x0000000003800ebc       0x3c /Users/kuanglixian/Library/Application Support/Code/User/globalStorage/vexrobotics.vexcode/sdk/cpp/V5/V5_20240223_11_00_00/vexv5/libv5rt.a(v5_apijump.c.obj)
                0x0000000003800ebc                vex_vsnprintf
 .text.vexSystemTimeGet
                0x0000000003800ef8       0x1c /Users/kuanglixian/Library/Application Support/Code/User/globalStorage/vexrobotics.vexcode/sdk/cpp/V5/V5_20240223_11_00_00/vexv5/libv5rt.a(v5_apijump.c.obj)
                0x0000000003800ef8                vexSystemTimeGet
 .text.vexSystemExitRequest
                0x0000000003800f14       0x1c /Users/kuanglixian/Library/Application Support/Code/User/globalStorage/vexrobotics.vexcode/sdk/cpp/V5/V5_20240223_11_00_00/vexv5/libv5rt.a(v5_apijump.c.obj)
                0x0000000003800f14                vexSystemExitRequest
 .text.vexDeviceGetByIndex
                0x0000000003800f30       0x24 /Users/kuanglixian/Library/Application Support/Code/User/globalStorage/vexrobotics.vexcode/sdk/cpp/V5/V5_20240223_11_00_00/vexv5/libv5rt.a(v5_apijump.c.obj)
                0x0000000003800f30                vexDeviceGetByIndex
 .text.vexControllerGet
                0x0000000003800f54       0x2c /Users/kuanglixian/Library/Application Support/Code/User/globalStorage/vexrobotics.vexcode/sdk/cpp/V5/V5_20240223_11_00_00/vexv5/libv5rt.a(v5_apijump.c.obj)
                0x0000000003800f54                vexControllerGet
 .text.vexDeviceMotorVelocitySet
                0x0000000003800f80       0x2c /Users/kuanglixian/Library/Application Support/Code/User/globalStorage/vexrobotics.vexcode/sdk/cpp/V5/V5_20240223_11_00_00/vexv5/libv5rt.a(v5_apijump.c.obj)
                0x0000000003800f80                vexDeviceMotorVelocitySet
 .text.vexDeviceMotorActualVelocityGet
                0x0000000003800fac       0x24 /Users/kuanglixian/Library/Application Support/Code/User/globalStorage/vexrobotics.vexcode/sdk/cpp/V5/V5_20240223_11_00_00/vexv5/libv5rt.a(v5_apijump.c.obj)
                0x0000000003800fac                vexDeviceMotorActualVelocityGet
 .text.vexDeviceMotorReverseFlagSet
                0x0000000003800fd0       0x2c /Users/kuanglixian/Library/Application Support/Code/User/globalStorage/vexrobotics.vexcode/sdk/cpp/V5/V5_20240223_11_00_00/vexv5/libv5rt.a(v5_apijump.c.obj)
                0x0000000003800fd0                vexDeviceMotorReverseFlagSet
 .text.vexDeviceMotorBrakeModeSet
                0x0000000003800ffc       0x2c /Users/kuanglixian/Library/Application Support/Code/User/globalStorage/vexrobotics.vexcode/sdk/cpp/V5/V5_20240223_11_00_00/vexv5/libv5rt.a(v5_apijump.c.obj)
                0x0000000003800ffc                vexDeviceMotorBrakeModeSet
 .text.vexDeviceMotorPositionSet
                0x0000000003801028       0x34 /Users/kuanglixian/Library/Application Support/Code/User/globalStorage/vexrobotics.vexcode/sdk/cpp/V5/V5_20240223_11_00_00/vexv5/libv5rt.a(v5_apijump.c.obj)
                0x0000000003801028                vexDeviceMotorPositionSet
 .text.vexDeviceMotorGearingSet
                0x000000000380105c       0x2c /Users/kuanglixian/Library/Application Support/Code/User/globalStorage/vexrobotics.vexcode/sdk/cpp/V5/V5_20240223_11_00_00/vexv5/libv5rt.a(v5_apijump.c.obj)
                0x000000000380105c                vexDeviceMotorGearingSet
 .text.vexDeviceMotorGearingGet
                0x0000000003801088       0x24 /Users/kuanglixian/Library/Application Support/Code/User/globalStorage/vexrobotics.vexcode/sdk/cpp/V5/V5_20240223_11_00_00/vexv5/libv5rt.a(v5_apijump.c.obj)
                0x0000000003801088                vexDeviceMotorGearingGet
 .text.vexDeviceVisionModeSet
                0x00000000038010ac       0x2c /Users/kuanglixian/Library/Application Support/Code/User/globalStorage/vexrobotics.vexcode/sdk/cpp/V5/V5_20240223_11_00_00/vexv5/libv5rt.a(v5_apijump.c.obj)
                0x00000000038010ac                vexDeviceVisionModeSet
 .text.vexDeviceVisionObjectCountGet
                0x00000000038010d8       0x24 /Users/kuanglixian/Library/Application Support/Code/User/globalStorage/vexrobotics.vexcode/sdk/cpp/V5/V5_20240223_11_00_00/vexv5/libv5rt.a(v5_apijump.c.obj)
                0x00000000038010d8                vexDeviceVisionObjectCountGet
 .text.vexDeviceVisionObjectGet
                0x00000000038010fc       0x34 /Users/kuanglixian/Library/Application Support/Code/User/globalStorage/vexrobotics.vexcode/sdk/cpp/V5/V5_20240223_11_00_00/vexv5/libv5rt.a(v5_apijump.c.obj)
                0x00000000038010fc                vexDeviceVisionObjectGet
 .text.vexDeviceVisionSignatureSet
                0x0000000003801130       0x2c /Users/kuanglixian/Library/Application Support/Code/User/globalStorage/vexrobotics.vexcode/sdk/cpp/V5/V5_20240223_11_00_00/vexv5/libv5rt.a(v5_apijump.c.obj)
                0x0000000003801130                vexDeviceVisionSignatureSet
 .text.vexDeviceVisionBrightnessSet
                0x000000000380115c       0x2c /Users/kuanglixian/Library/Application Support/Code/User/globalStorage/vexrobotics.vexcode/sdk/cpp/V5/V5_20240223_11_00_00/vexv5/libv5rt.a(v5_apijump.c.obj)
                0x000000000380115c                vexDeviceVisionBrightnessSet
 .text.vexDeviceVisionLedModeSet
                0x0000000003801188       0x2c /Users/kuanglixian/Library/Application Support/Code/User/globalStorage/vexrobotics.vexcode/sdk/cpp/V5/V5_20240223_11_00_00/vexv5/libv5rt.a(v5_apijump.c.obj)
                0x0000000003801188                vexDeviceVisionLedModeSet
 .text.vexDeviceVisionLedColorSet
                0x00000000038011b4       0x30 /Users/kuanglixian/Library/Application Support/Code/User/globalStorage/vexrobotics.vexcode/sdk/cpp/V5/V5_20240223_11_00_00/vexv5/libv5rt.a(v5_apijump.c.obj)
                0x00000000038011b4                vexDeviceVisionLedColorSet
 .text.vexDeviceOpticalHueGet
                0x00000000038011e4       0x24 /Users/kuanglixian/Library/Application Support/Code/User/globalStorage/vexrobotics.vexcode/sdk/cpp/V5/V5_20240223_11_00_00/vexv5/libv5rt.a(v5_apijump.c.obj)
                0x00000000038011e4                vexDeviceOpticalHueGet
 .text.vexDeviceOpticalGestureEnable
                0x0000000003801208       0x24 /Users/kuanglixian/Library/Application Support/Code/User/globalStorage/vexrobotics.vexcode/sdk/cpp/V5/V5_20240223_11_00_00/vexv5/libv5rt.a(v5_apijump.c.obj)
                0x0000000003801208                vexDeviceOpticalGestureEnable
 .text.vexDeviceOpticalGestureDisable
                0x000000000380122c       0x24 /Users/kuanglixian/Library/Application Support/Code/User/globalStorage/vexrobotics.vexcode/sdk/cpp/V5/V5_20240223_11_00_00/vexv5/libv5rt.a(v5_apijump.c.obj)
                0x000000000380122c                vexDeviceOpticalGestureDisable
 .text.vexDeviceOpticalProximityThreshold
                0x0000000003801250       0x2c /Users/kuanglixian/Library/Application Support/Code/User/globalStorage/vexrobotics.vexcode/sdk/cpp/V5/V5_20240223_11_00_00/vexv5/libv5rt.a(v5_apijump.c.obj)
                0x0000000003801250                vexDeviceOpticalProximityThreshold
 .text.vexDeviceDistanceDistanceGet
                0x000000000380127c       0x24 /Users/kuanglixian/Library/Application Support/Code/User/globalStorage/vexrobotics.vexcode/sdk/cpp/V5/V5_20240223_11_00_00/vexv5/libv5rt.a(v5_apijump.c.obj)
                0x000000000380127c                vexDeviceDistanceDistanceGet
 .text.vexDeviceDistanceObjectSizeGet
                0x00000000038012a0       0x24 /Users/kuanglixian/Library/Application Support/Code/User/globalStorage/vexrobotics.vexcode/sdk/cpp/V5/V5_20240223_11_00_00/vexv5/libv5rt.a(v5_apijump.c.obj)
                0x00000000038012a0                vexDeviceDistanceObjectSizeGet
 .text.vexDeviceDistanceObjectVelocityGet
                0x00000000038012c4       0x24 /Users/kuanglixian/Library/Application Support/Code/User/globalStorage/vexrobotics.vexcode/sdk/cpp/V5/V5_20240223_11_00_00/vexv5/libv5rt.a(v5_apijump.c.obj)
                0x00000000038012c4                vexDeviceDistanceObjectVelocityGet
 .text.vexDeviceAiVisionModeSet
                0x00000000038012e8       0x40 /Users/kuanglixian/Library/Application Support/Code/User/globalStorage/vexrobotics.vexcode/sdk/cpp/V5/V5_20240223_11_00_00/vexv5/libv5rt.a(v5_apijump.c.obj)
                0x00000000038012e8                vexDeviceAiVisionModeSet
 .text.vexDeviceAiVisionObjectCountGet
                0x0000000003801328       0x40 /Users/kuanglixian/Library/Application Support/Code/User/globalStorage/vexrobotics.vexcode/sdk/cpp/V5/V5_20240223_11_00_00/vexv5/libv5rt.a(v5_apijump.c.obj)
                0x0000000003801328                vexDeviceAiVisionObjectCountGet
 .text.vexDeviceAiVisionObjectGet
                0x0000000003801368       0x50 /Users/kuanglixian/Library/Application Support/Code/User/globalStorage/vexrobotics.vexcode/sdk/cpp/V5/V5_20240223_11_00_00/vexv5/libv5rt.a(v5_apijump.c.obj)
                0x0000000003801368                vexDeviceAiVisionObjectGet
 .text.vexDeviceAiVisionColorSet
                0x00000000038013b8       0x40 /Users/kuanglixian/Library/Application Support/Code/User/globalStorage/vexrobotics.vexcode/sdk/cpp/V5/V5_20240223_11_00_00/vexv5/libv5rt.a(v5_apijump.c.obj)
                0x00000000038013b8                vexDeviceAiVisionColorSet
 .text.vexDeviceAiVisionColorGet
                0x00000000038013f8       0x50 /Users/kuanglixian/Library/Application Support/Code/User/globalStorage/vexrobotics.vexcode/sdk/cpp/V5/V5_20240223_11_00_00/vexv5/libv5rt.a(v5_apijump.c.obj)
                0x00000000038013f8                vexDeviceAiVisionColorGet
 .text.vexDeviceAiVisionStatusGet
                0x0000000003801448       0x40 /Users/kuanglixian/Library/Application Support/Code/User/globalStorage/vexrobotics.vexcode/sdk/cpp/V5/V5_20240223_11_00_00/vexv5/libv5rt.a(v5_apijump.c.obj)
                0x0000000003801448                vexDeviceAiVisionStatusGet
 .text.vexDeviceAiVisionClassNameGet
                0x0000000003801488       0x50 /Users/kuanglixian/Library/Application Support/Code/User/globalStorage/vexrobotics.vexcode/sdk/cpp/V5/V5_20240223_11_00_00/vexv5/libv5rt.a(v5_apijump.c.obj)
                0x0000000003801488                vexDeviceAiVisionClassNameGet
 .text.vexDisplayForegroundColor
                0x00000000038014d8       0x24 /Users/kuanglixian/Library/Application Support/Code/User/globalStorage/vexrobotics.vexcode/sdk/cpp/V5/V5_20240223_11_00_00/vexv5/libv5rt.a(v5_apijump.c.obj)
                0x00000000038014d8                vexDisplayForegroundColor
 .text.vexDisplayBackgroundColor
                0x00000000038014fc       0x24 /Users/kuanglixian/Library/Application Support/Code/User/globalStorage/vexrobotics.vexcode/sdk/cpp/V5/V5_20240223_11_00_00/vexv5/libv5rt.a(v5_apijump.c.obj)
                0x00000000038014fc                vexDisplayBackgroundColor
 .text.vexDisplayBackgroundColorGet
                0x0000000003801520       0x1c /Users/kuanglixian/Library/Application Support/Code/User/globalStorage/vexrobotics.vexcode/sdk/cpp/V5/V5_20240223_11_00_00/vexv5/libv5rt.a(v5_apijump.c.obj)
                0x0000000003801520                vexDisplayBackgroundColorGet
 .text.vexDisplayRectClear
                0x000000000380153c       0x4c /Users/kuanglixian/Library/Application Support/Code/User/globalStorage/vexrobotics.vexcode/sdk/cpp/V5/V5_20240223_11_00_00/vexv5/libv5rt.a(v5_apijump.c.obj)
                0x000000000380153c                vexDisplayRectClear
 .text.vexDisplayVPrintf
                0x0000000003801588       0x50 /Users/kuanglixian/Library/Application Support/Code/User/globalStorage/vexrobotics.vexcode/sdk/cpp/V5/V5_20240223_11_00_00/vexv5/libv5rt.a(v5_apijump.c.obj)
                0x0000000003801588                vexDisplayVPrintf
 .text.vexDisplayTextReference
                0x00000000038015d8       0x24 /Users/kuanglixian/Library/Application Support/Code/User/globalStorage/vexrobotics.vexcode/sdk/cpp/V5/V5_20240223_11_00_00/vexv5/libv5rt.a(v5_apijump.c.obj)
                0x00000000038015d8                vexDisplayTextReference
 .text.vexDisplayTextSize
                0x00000000038015fc       0x2c /Users/kuanglixian/Library/Application Support/Code/User/globalStorage/vexrobotics.vexcode/sdk/cpp/V5/V5_20240223_11_00_00/vexv5/libv5rt.a(v5_apijump.c.obj)
                0x00000000038015fc                vexDisplayTextSize
 .text.vexDisplayFontNamedSet
                0x0000000003801628       0x24 /Users/kuanglixian/Library/Application Support/Code/User/globalStorage/vexrobotics.vexcode/sdk/cpp/V5/V5_20240223_11_00_00/vexv5/libv5rt.a(v5_apijump.c.obj)
                0x0000000003801628                vexDisplayFontNamedSet
 .text.vexDisplayStringWidthGet
                0x000000000380164c       0x24 /Users/kuanglixian/Library/Application Support/Code/User/globalStorage/vexrobotics.vexcode/sdk/cpp/V5/V5_20240223_11_00_00/vexv5/libv5rt.a(v5_apijump.c.obj)
                0x000000000380164c                vexDisplayStringWidthGet
 .text.vexSystemStdlibImpureDataAddr
                0x0000000003801670       0x28 /Users/kuanglixian/Library/Application Support/Code/User/globalStorage/vexrobotics.vexcode/sdk/cpp/V5/V5_20240223_11_00_00/vexv5/libv5rt.a(v5_apijump.c.obj)
                0x0000000003801670                vexSystemStdlibImpureDataAddr
 .text.vexSystemStdlibImpureDataSize
                0x0000000003801698       0x28 /Users/kuanglixian/Library/Application Support/Code/User/globalStorage/vexrobotics.vexcode/sdk/cpp/V5/V5_20240223_11_00_00/vexv5/libv5rt.a(v5_apijump.c.obj)
                0x0000000003801698                vexSystemStdlibImpureDataSize
 .text.vexSystemSaveUserData
                0x00000000038016c0       0x3c /Users/kuanglixian/Library/Application Support/Code/User/globalStorage/vexrobotics.vexcode/sdk/cpp/V5/V5_20240223_11_00_00/vexv5/libv5rt.a(v5_apijump.c.obj)
                0x00000000038016c0                vexSystemSaveUserData
 .text.vexDisplayThemeIdGet
                0x00000000038016fc       0x38 /Users/kuanglixian/Library/Application Support/Code/User/globalStorage/vexrobotics.vexcode/sdk/cpp/V5/V5_20240223_11_00_00/vexv5/libv5rt.a(v5_apijump.c.obj)
                0x00000000038016fc                vexDisplayThemeIdGet
 .text.vexDeviceEventMaskSet
                0x0000000003801734       0x48 /Users/kuanglixian/Library/Application Support/Code/User/globalStorage/vexrobotics.vexcode/sdk/cpp/V5/V5_20240223_11_00_00/vexv5/libv5rt.a(v5_apijump.c.obj)
                0x0000000003801734                vexDeviceEventMaskSet
 .text.vexDeviceEventMaskGet
                0x000000000380177c       0x3c /Users/kuanglixian/Library/Application Support/Code/User/globalStorage/vexrobotics.vexcode/sdk/cpp/V5/V5_20240223_11_00_00/vexv5/libv5rt.a(v5_apijump.c.obj)
                0x000000000380177c                vexDeviceEventMaskGet
 .text.vexSystemVersion
                0x00000000038017b8       0x10 /Users/kuanglixian/Library/Application Support/Code/User/globalStorage/vexrobotics.vexcode/sdk/cpp/V5/V5_20240223_11_00_00/vexv5/libv5rt.a(v5_apiversions.c.obj)
                0x00000000038017b8                vexSystemVersion
 .text.vexStdlibVersion
                0x00000000038017c8       0x10 /Users/kuanglixian/Library/Application Support/Code/User/globalStorage/vexrobotics.vexcode/sdk/cpp/V5/V5_20240223_11_00_00/vexv5/libv5rt.a(v5_apiversions.c.obj)
                0x00000000038017c8                vexStdlibVersion
 .text._ZN3vex4waitEdNS_9timeUnitsE
                0x00000000038017d8       0x30 /Users/kuanglixian/Library/Application Support/Code/User/globalStorage/vexrobotics.vexcode/sdk/cpp/V5/V5_20240223_11_00_00/vexv5/libv5rt.a(vex_global.cpp.obj)
                0x00000000038017d8                vex::wait(double, vex::timeUnits)
 .text._ZN3vex5motorD2Ev
                0x0000000003801808       0x20 /Users/kuanglixian/Library/Application Support/Code/User/globalStorage/vexrobotics.vexcode/sdk/cpp/V5/V5_20240223_11_00_00/vexv5/libv5rt.a(vex_motor.cpp.obj)
                0x0000000003801808                vex::motor::~motor()
                0x0000000003801808                vex::motor::~motor()
 .text._ZN3vex5motorD0Ev
                0x0000000003801828       0x1c /Users/kuanglixian/Library/Application Support/Code/User/globalStorage/vexrobotics.vexcode/sdk/cpp/V5/V5_20240223_11_00_00/vexv5/libv5rt.a(vex_motor.cpp.obj)
                0x0000000003801828                vex::motor::~motor()
 .text._ZN3vex5motor9installedEv
                0x0000000003801844       0x18 /Users/kuanglixian/Library/Application Support/Code/User/globalStorage/vexrobotics.vexcode/sdk/cpp/V5/V5_20240223_11_00_00/vexv5/libv5rt.a(vex_motor.cpp.obj)
                0x0000000003801844                vex::motor::installed()
 .text._ZN3vex5motor15defaultStoppingENS_9brakeTypeE
                0x000000000380185c       0x30 /Users/kuanglixian/Library/Application Support/Code/User/globalStorage/vexrobotics.vexcode/sdk/cpp/V5/V5_20240223_11_00_00/vexv5/libv5rt.a(vex_motor.cpp.obj)
                0x000000000380185c                vex::motor::defaultStopping(vex::brakeType)
 .text._ZN3vex5motor11setStoppingENS_9brakeTypeE
                0x000000000380188c        0x4 /Users/kuanglixian/Library/Application Support/Code/User/globalStorage/vexrobotics.vexcode/sdk/cpp/V5/V5_20240223_11_00_00/vexv5/libv5rt.a(vex_motor.cpp.obj)
                0x000000000380188c                vex::motor::setStopping(vex::brakeType)
 .text._ZN3vex5motorC2El
                0x0000000003801890       0x78 /Users/kuanglixian/Library/Application Support/Code/User/globalStorage/vexrobotics.vexcode/sdk/cpp/V5/V5_20240223_11_00_00/vexv5/libv5rt.a(vex_motor.cpp.obj)
                0x0000000003801890                vex::motor::motor(long)
                0x0000000003801890                vex::motor::motor(long)
 .text._ZN3vex5motorC2ElNS_11gearSettingEb
                0x0000000003801908       0x34 /Users/kuanglixian/Library/Application Support/Code/User/globalStorage/vexrobotics.vexcode/sdk/cpp/V5/V5_20240223_11_00_00/vexv5/libv5rt.a(vex_motor.cpp.obj)
                0x0000000003801908                vex::motor::motor(long, vex::gearSetting, bool)
                0x0000000003801908                vex::motor::motor(long, vex::gearSetting, bool)
 .text._ZN3vex5motor16velocityToScaledEdNS_13velocityUnitsE
                0x000000000380193c       0x5c /Users/kuanglixian/Library/Application Support/Code/User/globalStorage/vexrobotics.vexcode/sdk/cpp/V5/V5_20240223_11_00_00/vexv5/libv5rt.a(vex_motor.cpp.obj)
                0x000000000380193c                vex::motor::velocityToScaled(double, vex::velocityUnits)
 .text._ZN3vex5motor8velocityENS_13velocityUnitsE
                0x0000000003801998       0x30 /Users/kuanglixian/Library/Application Support/Code/User/globalStorage/vexrobotics.vexcode/sdk/cpp/V5/V5_20240223_11_00_00/vexv5/libv5rt.a(vex_motor.cpp.obj)
                0x0000000003801998                vex::motor::velocity(vex::velocityUnits)
 .text._ZN3vex5motor5valueEv
                0x00000000038019c8       0x1c /Users/kuanglixian/Library/Application Support/Code/User/globalStorage/vexrobotics.vexcode/sdk/cpp/V5/V5_20240223_11_00_00/vexv5/libv5rt.a(vex_motor.cpp.obj)
                0x00000000038019c8                vex::motor::value()
 .text._ZN3vex5motor16scaledToVelocityEdNS_13velocityUnitsE
                0x00000000038019e4       0xa4 /Users/kuanglixian/Library/Application Support/Code/User/globalStorage/vexrobotics.vexcode/sdk/cpp/V5/V5_20240223_11_00_00/vexv5/libv5rt.a(vex_motor.cpp.obj)
                0x00000000038019e4                vex::motor::scaledToVelocity(double, vex::velocityUnits)
 .text._ZN3vex5motor4spinENS_13directionTypeEdNS_13velocityUnitsE
                0x0000000003801a88       0x5c /Users/kuanglixian/Library/Application Support/Code/User/globalStorage/vexrobotics.vexcode/sdk/cpp/V5/V5_20240223_11_00_00/vexv5/libv5rt.a(vex_motor.cpp.obj)
                0x0000000003801a88                vex::motor::spin(vex::directionType, double, vex::velocityUnits)
 .text._ZN3vex5motor4spinENS_13directionTypeE
                0x0000000003801ae4       0x28 /Users/kuanglixian/Library/Application Support/Code/User/globalStorage/vexrobotics.vexcode/sdk/cpp/V5/V5_20240223_11_00_00/vexv5/libv5rt.a(vex_motor.cpp.obj)
                0x0000000003801ae4                vex::motor::spin(vex::directionType)
 .text._ZN3vex6vision9installedEv
                0x0000000003801b0c       0x18 /Users/kuanglixian/Library/Application Support/Code/User/globalStorage/vexrobotics.vexcode/sdk/cpp/V5/V5_20240223_11_00_00/vexv5/libv5rt.a(vex_vision.cpp.obj)
                0x0000000003801b0c                vex::vision::installed()
 .text._ZN3vex6visionD2Ev
                0x0000000003801b24       0x38 /Users/kuanglixian/Library/Application Support/Code/User/globalStorage/vexrobotics.vexcode/sdk/cpp/V5/V5_20240223_11_00_00/vexv5/libv5rt.a(vex_vision.cpp.obj)
                0x0000000003801b24                vex::vision::~vision()
                0x0000000003801b24                vex::vision::~vision()
 .text._ZN3vex6visionD0Ev
                0x0000000003801b5c       0x1c /Users/kuanglixian/Library/Application Support/Code/User/globalStorage/vexrobotics.vexcode/sdk/cpp/V5/V5_20240223_11_00_00/vexv5/libv5rt.a(vex_vision.cpp.obj)
                0x0000000003801b5c                vex::vision::~vision()
 .text._ZN3vex6vision12setSignatureERNS0_9signatureE
                0x0000000003801b78       0x70 /Users/kuanglixian/Library/Application Support/Code/User/globalStorage/vexrobotics.vexcode/sdk/cpp/V5/V5_20240223_11_00_00/vexv5/libv5rt.a(vex_vision.cpp.obj)
                0x0000000003801b78                vex::vision::setSignature(vex::vision::signature&)
 .text._ZN3vex6vision7setModeENS0_13detectionModeE
                0x0000000003801be8       0x18 /Users/kuanglixian/Library/Application Support/Code/User/globalStorage/vexrobotics.vexcode/sdk/cpp/V5/V5_20240223_11_00_00/vexv5/libv5rt.a(vex_vision.cpp.obj)
                0x0000000003801be8                vex::vision::setMode(vex::vision::detectionMode)
 .text._ZN3vex6vision13setBrightnessEh
                0x0000000003801c00       0x30 /Users/kuanglixian/Library/Application Support/Code/User/globalStorage/vexrobotics.vexcode/sdk/cpp/V5/V5_20240223_11_00_00/vexv5/libv5rt.a(vex_vision.cpp.obj)
                0x0000000003801c00                vex::vision::setBrightness(unsigned char)
 .text._ZN3vex6vision10setLedModeENS0_7ledModeE
                0x0000000003801c30       0x18 /Users/kuanglixian/Library/Application Support/Code/User/globalStorage/vexrobotics.vexcode/sdk/cpp/V5/V5_20240223_11_00_00/vexv5/libv5rt.a(vex_vision.cpp.obj)
                0x0000000003801c30                vex::vision::setLedMode(vex::vision::ledMode)
 .text._ZN3vex6vision11setLedColorEhhh
                0x0000000003801c48       0x30 /Users/kuanglixian/Library/Application Support/Code/User/globalStorage/vexrobotics.vexcode/sdk/cpp/V5/V5_20240223_11_00_00/vexv5/libv5rt.a(vex_vision.cpp.obj)
                0x0000000003801c48                vex::vision::setLedColor(unsigned char, unsigned char, unsigned char)
 .text._ZN3vex6vision9signatureD2Ev
                0x0000000003801c78        0x4 /Users/kuanglixian/Library/Application Support/Code/User/globalStorage/vexrobotics.vexcode/sdk/cpp/V5/V5_20240223_11_00_00/vexv5/libv5rt.a(vex_vision.cpp.obj)
                0x0000000003801c78                vex::vision::signature::~signature()
                0x0000000003801c78                vex::vision::signature::~signature()
 .text._ZN3vex6vision9signature5clearEv
                0x0000000003801c7c       0x38 /Users/kuanglixian/Library/Application Support/Code/User/globalStorage/vexrobotics.vexcode/sdk/cpp/V5/V5_20240223_11_00_00/vexv5/libv5rt.a(vex_vision.cpp.obj)
                0x0000000003801c7c                vex::vision::signature::clear()
 .text._ZN3vex6vision9signatureC2Ev
                0x0000000003801cb4       0x60 /Users/kuanglixian/Library/Application Support/Code/User/globalStorage/vexrobotics.vexcode/sdk/cpp/V5/V5_20240223_11_00_00/vexv5/libv5rt.a(vex_vision.cpp.obj)
                0x0000000003801cb4                vex::vision::signature::signature()
                0x0000000003801cb4                vex::vision::signature::signature()
 .text._ZN3vex6vision9signatureC2Elllllllfl
                0x0000000003801d14       0x5c /Users/kuanglixian/Library/Application Support/Code/User/globalStorage/vexrobotics.vexcode/sdk/cpp/V5/V5_20240223_11_00_00/vexv5/libv5rt.a(vex_vision.cpp.obj)
                0x0000000003801d14                vex::vision::signature::signature(long, long, long, long, long, long, long, float, long)
                0x0000000003801d14                vex::vision::signature::signature(long, long, long, long, long, long, long, float, long)
 .text._ZN3vex6vision6object3setE22_V5_DeviceVisionObject
                0x0000000003801d70       0x78 /Users/kuanglixian/Library/Application Support/Code/User/globalStorage/vexrobotics.vexcode/sdk/cpp/V5/V5_20240223_11_00_00/vexv5/libv5rt.a(vex_vision.cpp.obj)
                0x0000000003801d70                vex::vision::object::set(_V5_DeviceVisionObject)
 .text._ZN3vex6vision6object5clearEv
                0x0000000003801de8       0x38 /Users/kuanglixian/Library/Application Support/Code/User/globalStorage/vexrobotics.vexcode/sdk/cpp/V5/V5_20240223_11_00_00/vexv5/libv5rt.a(vex_vision.cpp.obj)
                0x0000000003801de8                vex::vision::object::clear()
 .text._ZN3vex6vision6objectC2Ev
                0x0000000003801e20       0x58 /Users/kuanglixian/Library/Application Support/Code/User/globalStorage/vexrobotics.vexcode/sdk/cpp/V5/V5_20240223_11_00_00/vexv5/libv5rt.a(vex_vision.cpp.obj)
                0x0000000003801e20                vex::vision::object::object()
                0x0000000003801e20                vex::vision::object::object()
 .text._ZN3vex6vision13_clearObjectsEv
                0x0000000003801e78       0x40 /Users/kuanglixian/Library/Application Support/Code/User/globalStorage/vexrobotics.vexcode/sdk/cpp/V5/V5_20240223_11_00_00/vexv5/libv5rt.a(vex_vision.cpp.obj)
                0x0000000003801e78                vex::vision::_clearObjects()
 .text._ZN3vex6vision6objectaSERKS1_
                0x0000000003801eb8       0x74 /Users/kuanglixian/Library/Application Support/Code/User/globalStorage/vexrobotics.vexcode/sdk/cpp/V5/V5_20240223_11_00_00/vexv5/libv5rt.a(vex_vision.cpp.obj)
                0x0000000003801eb8                vex::vision::object::operator=(vex::vision::object const&)
 .text._ZN3vex6vision12takeSnapshotEmm
                0x0000000003801f2c       0xf4 /Users/kuanglixian/Library/Application Support/Code/User/globalStorage/vexrobotics.vexcode/sdk/cpp/V5/V5_20240223_11_00_00/vexv5/libv5rt.a(vex_vision.cpp.obj)
                0x0000000003801f2c                vex::vision::takeSnapshot(unsigned long, unsigned long)
 .text._ZN3vex6vision12takeSnapshotEm
                0x0000000003802020        0x8 /Users/kuanglixian/Library/Application Support/Code/User/globalStorage/vexrobotics.vexcode/sdk/cpp/V5/V5_20240223_11_00_00/vexv5/libv5rt.a(vex_vision.cpp.obj)
                0x0000000003802020                vex::vision::takeSnapshot(unsigned long)
 .text._ZN3vex6vision5valueEv
                0x0000000003802028        0x8 /Users/kuanglixian/Library/Application Support/Code/User/globalStorage/vexrobotics.vexcode/sdk/cpp/V5/V5_20240223_11_00_00/vexv5/libv5rt.a(vex_vision.cpp.obj)
                0x0000000003802028                vex::vision::value()
 .text._ZN3vex6vision6objectaSEl
                0x0000000003802030       0x38 /Users/kuanglixian/Library/Application Support/Code/User/globalStorage/vexrobotics.vexcode/sdk/cpp/V5/V5_20240223_11_00_00/vexv5/libv5rt.a(vex_vision.cpp.obj)
                0x0000000003802030                vex::vision::object::operator=(long)
 .text._ZN3vex6visionC2El
                0x0000000003802068       0xa4 /Users/kuanglixian/Library/Application Support/Code/User/globalStorage/vexrobotics.vexcode/sdk/cpp/V5/V5_20240223_11_00_00/vexv5/libv5rt.a(vex_vision.cpp.obj)
                0x0000000003802068                vex::vision::vision(long)
                0x0000000003802068                vex::vision::vision(long)
 .text._ZN3vex7opticalD2Ev
                0x000000000380210c       0x20 /Users/kuanglixian/Library/Application Support/Code/User/globalStorage/vexrobotics.vexcode/sdk/cpp/V5/V5_20240223_11_00_00/vexv5/libv5rt.a(vex_optical.cpp.obj)
                0x000000000380210c                vex::optical::~optical()
                0x000000000380210c                vex::optical::~optical()
 .text._ZN3vex7opticalD0Ev
                0x000000000380212c       0x1c /Users/kuanglixian/Library/Application Support/Code/User/globalStorage/vexrobotics.vexcode/sdk/cpp/V5/V5_20240223_11_00_00/vexv5/libv5rt.a(vex_optical.cpp.obj)
                0x000000000380212c                vex::optical::~optical()
 .text._ZN3vex7optical9installedEv
                0x0000000003802148       0x18 /Users/kuanglixian/Library/Application Support/Code/User/globalStorage/vexrobotics.vexcode/sdk/cpp/V5/V5_20240223_11_00_00/vexv5/libv5rt.a(vex_optical.cpp.obj)
                0x0000000003802148                vex::optical::installed()
 .text._ZN3vex7optical3hueEv
                0x0000000003802160        0x8 /Users/kuanglixian/Library/Application Support/Code/User/globalStorage/vexrobotics.vexcode/sdk/cpp/V5/V5_20240223_11_00_00/vexv5/libv5rt.a(vex_optical.cpp.obj)
                0x0000000003802160                vex::optical::hue()
 .text._ZN3vex7optical5valueEv
                0x0000000003802168       0x18 /Users/kuanglixian/Library/Application Support/Code/User/globalStorage/vexrobotics.vexcode/sdk/cpp/V5/V5_20240223_11_00_00/vexv5/libv5rt.a(vex_optical.cpp.obj)
                0x0000000003802168                vex::optical::value()
 .text._ZN3vex7optical13gestureEnableEv
                0x0000000003802180        0x8 /Users/kuanglixian/Library/Application Support/Code/User/globalStorage/vexrobotics.vexcode/sdk/cpp/V5/V5_20240223_11_00_00/vexv5/libv5rt.a(vex_optical.cpp.obj)
                0x0000000003802180                vex::optical::gestureEnable()
 .text._ZN3vex7optical14gestureDisableEv
                0x0000000003802188        0x8 /Users/kuanglixian/Library/Application Support/Code/User/globalStorage/vexrobotics.vexcode/sdk/cpp/V5/V5_20240223_11_00_00/vexv5/libv5rt.a(vex_optical.cpp.obj)
                0x0000000003802188                vex::optical::gestureDisable()
 .text._ZN3vex7opticalC2Elb
                0x0000000003802190       0x54 /Users/kuanglixian/Library/Application Support/Code/User/globalStorage/vexrobotics.vexcode/sdk/cpp/V5/V5_20240223_11_00_00/vexv5/libv5rt.a(vex_optical.cpp.obj)
                0x0000000003802190                vex::optical::optical(long, bool)
                0x0000000003802190                vex::optical::optical(long, bool)
 .text._ZN3vex8distanceD2Ev
                0x00000000038021e4       0x20 /Users/kuanglixian/Library/Application Support/Code/User/globalStorage/vexrobotics.vexcode/sdk/cpp/V5/V5_20240223_11_00_00/vexv5/libv5rt.a(vex_distance.cpp.obj)
                0x00000000038021e4                vex::distance::~distance()
                0x00000000038021e4                vex::distance::~distance()
 .text._ZN3vex8distanceD0Ev
                0x0000000003802204       0x1c /Users/kuanglixian/Library/Application Support/Code/User/globalStorage/vexrobotics.vexcode/sdk/cpp/V5/V5_20240223_11_00_00/vexv5/libv5rt.a(vex_distance.cpp.obj)
                0x0000000003802204                vex::distance::~distance()
 .text._ZN3vex8distance9installedEv
                0x0000000003802220       0x18 /Users/kuanglixian/Library/Application Support/Code/User/globalStorage/vexrobotics.vexcode/sdk/cpp/V5/V5_20240223_11_00_00/vexv5/libv5rt.a(vex_distance.cpp.obj)
                0x0000000003802220                vex::distance::installed()
 .text._ZN3vex8distance5valueEv
                0x0000000003802238        0x8 /Users/kuanglixian/Library/Application Support/Code/User/globalStorage/vexrobotics.vexcode/sdk/cpp/V5/V5_20240223_11_00_00/vexv5/libv5rt.a(vex_distance.cpp.obj)
                0x0000000003802238                vex::distance::value()
 .text._ZN3vex8distanceC2El
                0x0000000003802240       0x20 /Users/kuanglixian/Library/Application Support/Code/User/globalStorage/vexrobotics.vexcode/sdk/cpp/V5/V5_20240223_11_00_00/vexv5/libv5rt.a(vex_distance.cpp.obj)
                0x0000000003802240                vex::distance::distance(long)
                0x0000000003802240                vex::distance::distance(long)
 .text._ZN3vex8distance14objectDistanceENS_13distanceUnitsE
                0x0000000003802260       0x48 /Users/kuanglixian/Library/Application Support/Code/User/globalStorage/vexrobotics.vexcode/sdk/cpp/V5/V5_20240223_11_00_00/vexv5/libv5rt.a(vex_distance.cpp.obj)
                0x0000000003802260                vex::distance::objectDistance(vex::distanceUnits)
 .text._ZN3vex8distance10objectSizeEv
                0x00000000038022a8       0x3c /Users/kuanglixian/Library/Application Support/Code/User/globalStorage/vexrobotics.vexcode/sdk/cpp/V5/V5_20240223_11_00_00/vexv5/libv5rt.a(vex_distance.cpp.obj)
                0x00000000038022a8                vex::distance::objectSize()
 .text._ZN3vex8distance13objectRawSizeEv
                0x00000000038022e4        0x8 /Users/kuanglixian/Library/Application Support/Code/User/globalStorage/vexrobotics.vexcode/sdk/cpp/V5/V5_20240223_11_00_00/vexv5/libv5rt.a(vex_distance.cpp.obj)
                0x00000000038022e4                vex::distance::objectRawSize()
 .text._ZN3vex8distance14objectVelocityEv
                0x00000000038022ec        0x8 /Users/kuanglixian/Library/Application Support/Code/User/globalStorage/vexrobotics.vexcode/sdk/cpp/V5/V5_20240223_11_00_00/vexv5/libv5rt.a(vex_distance.cpp.obj)
                0x00000000038022ec                vex::distance::objectVelocity()
 *fill*         0x00000000038022f4        0x4 
 .text._ZN3vex8distance16isObjectDetectedEv
                0x00000000038022f8       0x80 /Users/kuanglixian/Library/Application Support/Code/User/globalStorage/vexrobotics.vexcode/sdk/cpp/V5/V5_20240223_11_00_00/vexv5/libv5rt.a(vex_distance.cpp.obj)
                0x00000000038022f8                vex::distance::isObjectDetected()
 .text._ZN3vex10controllerD2Ev
                0x0000000003802378        0x4 /Users/kuanglixian/Library/Application Support/Code/User/globalStorage/vexrobotics.vexcode/sdk/cpp/V5/V5_20240223_11_00_00/vexv5/libv5rt.a(vex_controller.cpp.obj)
                0x0000000003802378                vex::controller::~controller()
                0x0000000003802378                vex::controller::~controller()
 .text._ZN3vex10controller5valueE19_V5_ControllerIndex
                0x000000000380237c        0x8 /Users/kuanglixian/Library/Application Support/Code/User/globalStorage/vexrobotics.vexcode/sdk/cpp/V5/V5_20240223_11_00_00/vexv5/libv5rt.a(vex_controller.cpp.obj)
                0x000000000380237c                vex::controller::value(_V5_ControllerIndex)
 .text._ZNK3vex10controller6button7pressedEPFvvE
                0x0000000003802384      0x108 /Users/kuanglixian/Library/Application Support/Code/User/globalStorage/vexrobotics.vexcode/sdk/cpp/V5/V5_20240223_11_00_00/vexv5/libv5rt.a(vex_controller.cpp.obj)
                0x0000000003802384                vex::controller::button::pressed(void (*)()) const
 .text._ZNK3vex10controller6button21_buttonToPressedEventEv
                0x000000000380248c       0x20 /Users/kuanglixian/Library/Application Support/Code/User/globalStorage/vexrobotics.vexcode/sdk/cpp/V5/V5_20240223_11_00_00/vexv5/libv5rt.a(vex_controller.cpp.obj)
                0x000000000380248c                vex::controller::button::_buttonToPressedEvent() const
 .text._ZNK3vex10controller6button22_buttonToReleasedEventEv
                0x00000000038024ac       0x20 /Users/kuanglixian/Library/Application Support/Code/User/globalStorage/vexrobotics.vexcode/sdk/cpp/V5/V5_20240223_11_00_00/vexv5/libv5rt.a(vex_controller.cpp.obj)
                0x00000000038024ac                vex::controller::button::_buttonToReleasedEvent() const
 .text._ZN3vex10controller6buttonC2ENS0_11tButtonTypeEPS0_
                0x00000000038024cc       0x48 /Users/kuanglixian/Library/Application Support/Code/User/globalStorage/vexrobotics.vexcode/sdk/cpp/V5/V5_20240223_11_00_00/vexv5/libv5rt.a(vex_controller.cpp.obj)
                0x00000000038024cc                vex::controller::button::button(vex::controller::tButtonType, vex::controller*)
                0x00000000038024cc                vex::controller::button::button(vex::controller::tButtonType, vex::controller*)
 .text._ZNK3vex10controller4axis5valueEv
                0x0000000003802514       0x58 /Users/kuanglixian/Library/Application Support/Code/User/globalStorage/vexrobotics.vexcode/sdk/cpp/V5/V5_20240223_11_00_00/vexv5/libv5rt.a(vex_controller.cpp.obj)
                0x0000000003802514                vex::controller::axis::value() const
 .text._ZNK3vex10controller4axis23_joystickToChangedEventEv
                0x000000000380256c       0x20 /Users/kuanglixian/Library/Application Support/Code/User/globalStorage/vexrobotics.vexcode/sdk/cpp/V5/V5_20240223_11_00_00/vexv5/libv5rt.a(vex_controller.cpp.obj)
                0x000000000380256c                vex::controller::axis::_joystickToChangedEvent() const
 .text._ZN3vex10controller4axisC2ENS0_9tAxisTypeEPS0_
                0x000000000380258c       0x2c /Users/kuanglixian/Library/Application Support/Code/User/globalStorage/vexrobotics.vexcode/sdk/cpp/V5/V5_20240223_11_00_00/vexv5/libv5rt.a(vex_controller.cpp.obj)
                0x000000000380258c                vex::controller::axis::axis(vex::controller::tAxisType, vex::controller*)
                0x000000000380258c                vex::controller::axis::axis(vex::controller::tAxisType, vex::controller*)
 .text._ZN3vex10controllerC2ENS_14controllerTypeE
                0x00000000038025b8      0x16c /Users/kuanglixian/Library/Application Support/Code/User/globalStorage/vexrobotics.vexcode/sdk/cpp/V5/V5_20240223_11_00_00/vexv5/libv5rt.a(vex_controller.cpp.obj)
                0x00000000038025b8                vex::controller::controller(vex::controllerType)
                0x00000000038025b8                vex::controller::controller(vex::controllerType)
 .text._ZN3vex11this_thread9sleep_forEm
                0x0000000003802724        0x4 /Users/kuanglixian/Library/Application Support/Code/User/globalStorage/vexrobotics.vexcode/sdk/cpp/V5/V5_20240223_11_00_00/vexv5/libv5rt.a(vex_thread.cpp.obj)
                0x0000000003802724                vex::this_thread::sleep_for(unsigned long)
 .text._ZN3vex5event4initEmmPFvvE
                0x0000000003802728        0x4 /Users/kuanglixian/Library/Application Support/Code/User/globalStorage/vexrobotics.vexcode/sdk/cpp/V5/V5_20240223_11_00_00/vexv5/libv5rt.a(vex_event.cpp.obj)
                0x0000000003802728                vex::event::init(unsigned long, unsigned long, void (*)())
 .text._ZN3vex5event4initEmmPFvPvES1_
                0x000000000380272c        0x4 /Users/kuanglixian/Library/Application Support/Code/User/globalStorage/vexrobotics.vexcode/sdk/cpp/V5/V5_20240223_11_00_00/vexv5/libv5rt.a(vex_event.cpp.obj)
                0x000000000380272c                vex::event::init(unsigned long, unsigned long, void (*)(void*), void*)
 .text._ZN3vex5event9userindexEv
                0x0000000003802730        0x4 /Users/kuanglixian/Library/Application Support/Code/User/globalStorage/vexrobotics.vexcode/sdk/cpp/V5/V5_20240223_11_00_00/vexv5/libv5rt.a(vex_event.cpp.obj)
                0x0000000003802730                vex::event::userindex()
 .text._ZZN3vex6meventC4EmmENUlvE_4_FUNEv
                0x0000000003802734        0x4 /Users/kuanglixian/Library/Application Support/Code/User/globalStorage/vexrobotics.vexcode/sdk/cpp/V5/V5_20240223_11_00_00/vexv5/libv5rt.a(vex_mevent.cpp.obj)
 .text._ZN3vex6meventC2Emm
                0x0000000003802738       0x70 /Users/kuanglixian/Library/Application Support/Code/User/globalStorage/vexrobotics.vexcode/sdk/cpp/V5/V5_20240223_11_00_00/vexv5/libv5rt.a(vex_mevent.cpp.obj)
                0x0000000003802738                vex::mevent::mevent(unsigned long, unsigned long)
                0x0000000003802738                vex::mevent::mevent(unsigned long, unsigned long)
 .text._ZN3vex5brain9_getIndexEv
                0x00000000038027a8       0x10 /Users/kuanglixian/Library/Application Support/Code/User/globalStorage/vexrobotics.vexcode/sdk/cpp/V5/V5_20240223_11_00_00/vexv5/libv5rt.a(vex_brain.cpp.obj)
                0x00000000038027a8                vex::brain::_getIndex()
 .text._ZN3vex5brain3lcd9setCursorEll
                0x00000000038027b8       0x44 /Users/kuanglixian/Library/Application Support/Code/User/globalStorage/vexrobotics.vexcode/sdk/cpp/V5/V5_20240223_11_00_00/vexv5/libv5rt.a(vex_brain.cpp.obj)
                0x00000000038027b8                vex::brain::lcd::setCursor(long, long)
 .text._ZN3vex5brain3lcd7setFontENS_8fontTypeE
                0x00000000038027fc      0x23c /Users/kuanglixian/Library/Application Support/Code/User/globalStorage/vexrobotics.vexcode/sdk/cpp/V5/V5_20240223_11_00_00/vexv5/libv5rt.a(vex_brain.cpp.obj)
                0x00000000038027fc                vex::brain::lcd::setFont(vex::fontType)
 .text._ZN3vex5brain3lcdC2Ev
                0x0000000003802a38       0x94 /Users/kuanglixian/Library/Application Support/Code/User/globalStorage/vexrobotics.vexcode/sdk/cpp/V5/V5_20240223_11_00_00/vexv5/libv5rt.a(vex_brain.cpp.obj)
                0x0000000003802a38                vex::brain::lcd::lcd()
                0x0000000003802a38                vex::brain::lcd::lcd()
 .text._ZN3vex5brainC2Ev
                0x0000000003802acc       0x3c /Users/kuanglixian/Library/Application Support/Code/User/globalStorage/vexrobotics.vexcode/sdk/cpp/V5/V5_20240223_11_00_00/vexv5/libv5rt.a(vex_brain.cpp.obj)
                0x0000000003802acc                vex::brain::brain()
                0x0000000003802acc                vex::brain::brain()
 .text._ZN3vex5brain3lcd12_clearScreenEm
                0x0000000003802b08       0x38 /Users/kuanglixian/Library/Application Support/Code/User/globalStorage/vexrobotics.vexcode/sdk/cpp/V5/V5_20240223_11_00_00/vexv5/libv5rt.a(vex_brain.cpp.obj)
                0x0000000003802b08                vex::brain::lcd::_clearScreen(unsigned long)
 .text._ZN3vex5brain3lcd11clearScreenERKNS_5colorE
                0x0000000003802b40       0x20 /Users/kuanglixian/Library/Application Support/Code/User/globalStorage/vexrobotics.vexcode/sdk/cpp/V5/V5_20240223_11_00_00/vexv5/libv5rt.a(vex_brain.cpp.obj)
                0x0000000003802b40                vex::brain::lcd::clearScreen(vex::color const&)
 .text._ZN3vex5brain3lcd11clearScreenEv
                0x0000000003802b60       0x2c /Users/kuanglixian/Library/Application Support/Code/User/globalStorage/vexrobotics.vexcode/sdk/cpp/V5/V5_20240223_11_00_00/vexv5/libv5rt.a(vex_brain.cpp.obj)
                0x0000000003802b60                vex::brain::lcd::clearScreen()
 .text._ZN3vex5brain3lcd7newLineEv
                0x0000000003802b8c       0x20 /Users/kuanglixian/Library/Application Support/Code/User/globalStorage/vexrobotics.vexcode/sdk/cpp/V5/V5_20240223_11_00_00/vexv5/libv5rt.a(vex_brain.cpp.obj)
                0x0000000003802b8c                vex::brain::lcd::newLine()
 .text._ZN3vex5brain3lcd10rowToPixelEl
                0x0000000003802bac       0x34 /Users/kuanglixian/Library/Application Support/Code/User/globalStorage/vexrobotics.vexcode/sdk/cpp/V5/V5_20240223_11_00_00/vexv5/libv5rt.a(vex_brain.cpp.obj)
                0x0000000003802bac                vex::brain::lcd::rowToPixel(long)
 .text._ZN3vex5brain3lcd9clearLineEi
                0x0000000003802be0       0x5c /Users/kuanglixian/Library/Application Support/Code/User/globalStorage/vexrobotics.vexcode/sdk/cpp/V5/V5_20240223_11_00_00/vexv5/libv5rt.a(vex_brain.cpp.obj)
                0x0000000003802be0                vex::brain::lcd::clearLine(int)
 .text._ZN3vex5brain3lcd9clearLineEv
                0x0000000003802c3c       0x38 /Users/kuanglixian/Library/Application Support/Code/User/globalStorage/vexrobotics.vexcode/sdk/cpp/V5/V5_20240223_11_00_00/vexv5/libv5rt.a(vex_brain.cpp.obj)
                0x0000000003802c3c                vex::brain::lcd::clearLine()
 .text._ZN3vex5brain3lcd5printEPKcz
                0x0000000003802c74       0xb8 /Users/kuanglixian/Library/Application Support/Code/User/globalStorage/vexrobotics.vexcode/sdk/cpp/V5/V5_20240223_11_00_00/vexv5/libv5rt.a(vex_brain.cpp.obj)
                0x0000000003802c74                vex::brain::lcd::print(char const*, ...)
 .text._ZN3vex5brainD2Ev
                0x0000000003802d2c       0x20 /Users/kuanglixian/Library/Application Support/Code/User/globalStorage/vexrobotics.vexcode/sdk/cpp/V5/V5_20240223_11_00_00/vexv5/libv5rt.a(vex_brain.cpp.obj)
                0x0000000003802d2c                vex::brain::~brain()
                0x0000000003802d2c                vex::brain::~brain()
 .text._ZN3vex11competition8_disableEPv
                0x0000000003802d4c       0xa4 /Users/kuanglixian/Library/Application Support/Code/User/globalStorage/vexrobotics.vexcode/sdk/cpp/V5/V5_20240223_11_00_00/vexv5/libv5rt.a(vex_competition.cpp.obj)
                0x0000000003802d4c                vex::competition::_disable(void*)
 .text._ZN3vex11competition11_autonomousEv
                0x0000000003802df0       0x80 /Users/kuanglixian/Library/Application Support/Code/User/globalStorage/vexrobotics.vexcode/sdk/cpp/V5/V5_20240223_11_00_00/vexv5/libv5rt.a(vex_competition.cpp.obj)
                0x0000000003802df0                vex::competition::_autonomous()
 .text._ZN3vex11competition14_drivercontrolEv
                0x0000000003802e70       0x80 /Users/kuanglixian/Library/Application Support/Code/User/globalStorage/vexrobotics.vexcode/sdk/cpp/V5/V5_20240223_11_00_00/vexv5/libv5rt.a(vex_competition.cpp.obj)
                0x0000000003802e70                vex::competition::_drivercontrol()
 .text._ZN3vex11competitionC2Ev
                0x0000000003802ef0      0x13c /Users/kuanglixian/Library/Application Support/Code/User/globalStorage/vexrobotics.vexcode/sdk/cpp/V5/V5_20240223_11_00_00/vexv5/libv5rt.a(vex_competition.cpp.obj)
                0x0000000003802ef0                vex::competition::competition()
                0x0000000003802ef0                vex::competition::competition()
 .text._ZN3vex11competitionD2Ev
                0x000000000380302c        0x4 /Users/kuanglixian/Library/Application Support/Code/User/globalStorage/vexrobotics.vexcode/sdk/cpp/V5/V5_20240223_11_00_00/vexv5/libv5rt.a(vex_competition.cpp.obj)
                0x000000000380302c                vex::competition::~competition()
                0x000000000380302c                vex::competition::~competition()
 .text._ZN3vex11competition10autonomousEPFvvE
                0x0000000003803030       0x44 /Users/kuanglixian/Library/Application Support/Code/User/globalStorage/vexrobotics.vexcode/sdk/cpp/V5/V5_20240223_11_00_00/vexv5/libv5rt.a(vex_competition.cpp.obj)
                0x0000000003803030                vex::competition::autonomous(void (*)())
 .text._ZN3vex11competition13drivercontrolEPFvvE
                0x0000000003803074       0x44 /Users/kuanglixian/Library/Application Support/Code/User/globalStorage/vexrobotics.vexcode/sdk/cpp/V5/V5_20240223_11_00_00/vexv5/libv5rt.a(vex_competition.cpp.obj)
                0x0000000003803074                vex::competition::drivercontrol(void (*)())
 .text._ZN3vex7triportD2Ev
                0x00000000038030b8       0x38 /Users/kuanglixian/Library/Application Support/Code/User/globalStorage/vexrobotics.vexcode/sdk/cpp/V5/V5_20240223_11_00_00/vexv5/libv5rt.a(vex_triport.cpp.obj)
                0x00000000038030b8                vex::triport::~triport()
                0x00000000038030b8                vex::triport::~triport()
 .text._ZN3vex7triportD0Ev
                0x00000000038030f0       0x1c /Users/kuanglixian/Library/Application Support/Code/User/globalStorage/vexrobotics.vexcode/sdk/cpp/V5/V5_20240223_11_00_00/vexv5/libv5rt.a(vex_triport.cpp.obj)
                0x00000000038030f0                vex::triport::~triport()
 .text._ZN3vex7triport9installedEv
                0x000000000380310c       0x18 /Users/kuanglixian/Library/Application Support/Code/User/globalStorage/vexrobotics.vexcode/sdk/cpp/V5/V5_20240223_11_00_00/vexv5/libv5rt.a(vex_triport.cpp.obj)
                0x000000000380310c                vex::triport::installed()
 .text._ZN3vex7triport4portC2ElPS0_
                0x0000000003803124       0x74 /Users/kuanglixian/Library/Application Support/Code/User/globalStorage/vexrobotics.vexcode/sdk/cpp/V5/V5_20240223_11_00_00/vexv5/libv5rt.a(vex_triport.cpp.obj)
                0x0000000003803124                vex::triport::port::port(long, vex::triport*)
                0x0000000003803124                vex::triport::port::port(long, vex::triport*)
 .text._ZN3vex7triportC2El
                0x0000000003803198       0xf0 /Users/kuanglixian/Library/Application Support/Code/User/globalStorage/vexrobotics.vexcode/sdk/cpp/V5/V5_20240223_11_00_00/vexv5/libv5rt.a(vex_triport.cpp.obj)
                0x0000000003803198                vex::triport::triport(long)
                0x0000000003803198                vex::triport::triport(long)
 .text._ZN3vex5colorD2Ev
                0x0000000003803288        0x4 /Users/kuanglixian/Library/Application Support/Code/User/globalStorage/vexrobotics.vexcode/sdk/cpp/V5/V5_20240223_11_00_00/vexv5/libv5rt.a(vex_color.cpp.obj)
                0x0000000003803288                vex::color::~color()
                0x0000000003803288                vex::color::~color()
 .text._ZN3vex5colorC2Ev
                0x000000000380328c       0x10 /Users/kuanglixian/Library/Application Support/Code/User/globalStorage/vexrobotics.vexcode/sdk/cpp/V5/V5_20240223_11_00_00/vexv5/libv5rt.a(vex_color.cpp.obj)
                0x000000000380328c                vex::color::color()
                0x000000000380328c                vex::color::color()
 .text._ZN3vex5color3rgbEm
                0x000000000380329c       0x14 /Users/kuanglixian/Library/Application Support/Code/User/globalStorage/vexrobotics.vexcode/sdk/cpp/V5/V5_20240223_11_00_00/vexv5/libv5rt.a(vex_color.cpp.obj)
                0x000000000380329c                vex::color::rgb(unsigned long)
 .text._ZN3vex5color3rgbEhhh
                0x00000000038032b0       0x20 /Users/kuanglixian/Library/Application Support/Code/User/globalStorage/vexrobotics.vexcode/sdk/cpp/V5/V5_20240223_11_00_00/vexv5/libv5rt.a(vex_color.cpp.obj)
                0x00000000038032b0                vex::color::rgb(unsigned char, unsigned char, unsigned char)
 .text._ZNK3vex5color3rgbEv
                0x00000000038032d0        0x8 /Users/kuanglixian/Library/Application Support/Code/User/globalStorage/vexrobotics.vexcode/sdk/cpp/V5/V5_20240223_11_00_00/vexv5/libv5rt.a(vex_color.cpp.obj)
                0x00000000038032d0                vex::color::rgb() const
 .text._ZNK3vex5colorcvmEv
                0x00000000038032d8        0x8 /Users/kuanglixian/Library/Application Support/Code/User/globalStorage/vexrobotics.vexcode/sdk/cpp/V5/V5_20240223_11_00_00/vexv5/libv5rt.a(vex_color.cpp.obj)
                0x00000000038032d8                vex::color::operator unsigned long() const
 .text.startup._GLOBAL__sub_I__ZN3vex5color5blackE
                0x00000000038032e0      0x164 /Users/kuanglixian/Library/Application Support/Code/User/globalStorage/vexrobotics.vexcode/sdk/cpp/V5/V5_20240223_11_00_00/vexv5/libv5rt.a(vex_color.cpp.obj)
 .text._ZN3vex5timerD2Ev
                0x0000000003803444        0x4 /Users/kuanglixian/Library/Application Support/Code/User/globalStorage/vexrobotics.vexcode/sdk/cpp/V5/V5_20240223_11_00_00/vexv5/libv5rt.a(vex_timer.cpp.obj)
                0x0000000003803444                vex::timer::~timer()
                0x0000000003803444                vex::timer::~timer()
 .text._ZN3vex5timer5clearEv
                0x0000000003803448       0x1c /Users/kuanglixian/Library/Application Support/Code/User/globalStorage/vexrobotics.vexcode/sdk/cpp/V5/V5_20240223_11_00_00/vexv5/libv5rt.a(vex_timer.cpp.obj)
                0x0000000003803448                vex::timer::clear()
 .text._ZN3vex5timerC2Ev
                0x0000000003803464       0x14 /Users/kuanglixian/Library/Application Support/Code/User/globalStorage/vexrobotics.vexcode/sdk/cpp/V5/V5_20240223_11_00_00/vexv5/libv5rt.a(vex_timer.cpp.obj)
                0x0000000003803464                vex::timer::timer()
                0x0000000003803464                vex::timer::timer()
 .text._ZN3vex8aivision9colordescD2Ev
                0x0000000003803478        0x4 /Users/kuanglixian/Library/Application Support/Code/User/globalStorage/vexrobotics.vexcode/sdk/cpp/V5/V5_20240223_11_00_00/vexv5/libv5rt.a(vex_aivision.cpp.obj)
                0x0000000003803478                vex::aivision::colordesc::~colordesc()
                0x0000000003803478                vex::aivision::colordesc::~colordesc()
 .text._ZN3vex8aivision9installedEv
                0x000000000380347c       0x18 /Users/kuanglixian/Library/Application Support/Code/User/globalStorage/vexrobotics.vexcode/sdk/cpp/V5/V5_20240223_11_00_00/vexv5/libv5rt.a(vex_aivision.cpp.obj)
                0x000000000380347c                vex::aivision::installed()
 .text._ZN3vex8aivisionD2Ev
                0x0000000003803494       0x54 /Users/kuanglixian/Library/Application Support/Code/User/globalStorage/vexrobotics.vexcode/sdk/cpp/V5/V5_20240223_11_00_00/vexv5/libv5rt.a(vex_aivision.cpp.obj)
                0x0000000003803494                vex::aivision::~aivision()
                0x0000000003803494                vex::aivision::~aivision()
 .text._ZN3vex8aivisionD0Ev
                0x00000000038034e8       0x1c /Users/kuanglixian/Library/Application Support/Code/User/globalStorage/vexrobotics.vexcode/sdk/cpp/V5/V5_20240223_11_00_00/vexv5/libv5rt.a(vex_aivision.cpp.obj)
                0x00000000038034e8                vex::aivision::~aivision()
 .text._ZN3vex8aivision5resetEv
                0x0000000003803504        0xc /Users/kuanglixian/Library/Application Support/Code/User/globalStorage/vexrobotics.vexcode/sdk/cpp/V5/V5_20240223_11_00_00/vexv5/libv5rt.a(vex_aivision.cpp.obj)
                0x0000000003803504                vex::aivision::reset()
 .text._ZN3vex8aivision14colorDetectionEbb
                0x0000000003803510       0x48 /Users/kuanglixian/Library/Application Support/Code/User/globalStorage/vexrobotics.vexcode/sdk/cpp/V5/V5_20240223_11_00_00/vexv5/libv5rt.a(vex_aivision.cpp.obj)
                0x0000000003803510                vex::aivision::colorDetection(bool, bool)
 .text._ZN3vex8aivision10usbOverlayEb
                0x0000000003803558       0x38 /Users/kuanglixian/Library/Application Support/Code/User/globalStorage/vexrobotics.vexcode/sdk/cpp/V5/V5_20240223_11_00_00/vexv5/libv5rt.a(vex_aivision.cpp.obj)
                0x0000000003803558                vex::aivision::usbOverlay(bool)
 .text._ZN3vex8aivision20setObjectDescriptionERKNS0_9colordescE
                0x0000000003803590       0x6c /Users/kuanglixian/Library/Application Support/Code/User/globalStorage/vexrobotics.vexcode/sdk/cpp/V5/V5_20240223_11_00_00/vexv5/libv5rt.a(vex_aivision.cpp.obj)
                0x0000000003803590                vex::aivision::setObjectDescription(vex::aivision::colordesc const&)
 .text._ZN3vex8aivision21_setObjectDescriptionEv
                0x00000000038035fc       0x40 /Users/kuanglixian/Library/Application Support/Code/User/globalStorage/vexrobotics.vexcode/sdk/cpp/V5/V5_20240223_11_00_00/vexv5/libv5rt.a(vex_aivision.cpp.obj)
                0x00000000038035fc                vex::aivision::_setObjectDescription()
 .text._ZN3vex8aivision9colordesc5clearEv
                0x000000000380363c       0x24 /Users/kuanglixian/Library/Application Support/Code/User/globalStorage/vexrobotics.vexcode/sdk/cpp/V5/V5_20240223_11_00_00/vexv5/libv5rt.a(vex_aivision.cpp.obj)
                0x000000000380363c                vex::aivision::colordesc::clear()
 .text._ZN3vex8aivision9colordescC2Ev
                0x0000000003803660       0x48 /Users/kuanglixian/Library/Application Support/Code/User/globalStorage/vexrobotics.vexcode/sdk/cpp/V5/V5_20240223_11_00_00/vexv5/libv5rt.a(vex_aivision.cpp.obj)
                0x0000000003803660                vex::aivision::colordesc::colordesc()
                0x0000000003803660                vex::aivision::colordesc::colordesc()
 .text._ZN3vex8aivision9colordescC2Elhhhff
                0x00000000038036a8       0x44 /Users/kuanglixian/Library/Application Support/Code/User/globalStorage/vexrobotics.vexcode/sdk/cpp/V5/V5_20240223_11_00_00/vexv5/libv5rt.a(vex_aivision.cpp.obj)
                0x00000000038036a8                vex::aivision::colordesc::colordesc(long, unsigned char, unsigned char, unsigned char, float, float)
                0x00000000038036a8                vex::aivision::colordesc::colordesc(long, unsigned char, unsigned char, unsigned char, float, float)
 *fill*         0x00000000038036ec        0x4 
 .text._ZN3vex8aivision6object3setE24_V5_DeviceAiVisionObjectPc
                0x00000000038036f0      0x274 /Users/kuanglixian/Library/Application Support/Code/User/globalStorage/vexrobotics.vexcode/sdk/cpp/V5/V5_20240223_11_00_00/vexv5/libv5rt.a(vex_aivision.cpp.obj)
                0x00000000038036f0                vex::aivision::object::set(_V5_DeviceAiVisionObject, char*)
 .text._ZN3vex8aivision6object5clearEv
                0x0000000003803964       0x58 /Users/kuanglixian/Library/Application Support/Code/User/globalStorage/vexrobotics.vexcode/sdk/cpp/V5/V5_20240223_11_00_00/vexv5/libv5rt.a(vex_aivision.cpp.obj)
                0x0000000003803964                vex::aivision::object::clear()
 .text._ZN3vex8aivision6objectC2Ev
                0x00000000038039bc       0x84 /Users/kuanglixian/Library/Application Support/Code/User/globalStorage/vexrobotics.vexcode/sdk/cpp/V5/V5_20240223_11_00_00/vexv5/libv5rt.a(vex_aivision.cpp.obj)
                0x00000000038039bc                vex::aivision::object::object()
                0x00000000038039bc                vex::aivision::object::object()
 .text._ZN3vex8aivision13_clearObjectsEv
                0x0000000003803a40       0x44 /Users/kuanglixian/Library/Application Support/Code/User/globalStorage/vexrobotics.vexcode/sdk/cpp/V5/V5_20240223_11_00_00/vexv5/libv5rt.a(vex_aivision.cpp.obj)
                0x0000000003803a40                vex::aivision::_clearObjects()
 .text._ZN3vex8aivision6objectaSERKS1_
                0x0000000003803a84       0xb8 /Users/kuanglixian/Library/Application Support/Code/User/globalStorage/vexrobotics.vexcode/sdk/cpp/V5/V5_20240223_11_00_00/vexv5/libv5rt.a(vex_aivision.cpp.obj)
                0x0000000003803a84                vex::aivision::object::operator=(vex::aivision::object const&)
 .text._ZN3vex8aivision12takeSnapshotEmNS0_10objectTypeEm
                0x0000000003803b3c      0x238 /Users/kuanglixian/Library/Application Support/Code/User/globalStorage/vexrobotics.vexcode/sdk/cpp/V5/V5_20240223_11_00_00/vexv5/libv5rt.a(vex_aivision.cpp.obj)
                0x0000000003803b3c                vex::aivision::takeSnapshot(unsigned long, vex::aivision::objectType, unsigned long)
 .text._ZN3vex8aivision12takeSnapshotERKNS0_9colordescEl
                0x0000000003803d74       0x14 /Users/kuanglixian/Library/Application Support/Code/User/globalStorage/vexrobotics.vexcode/sdk/cpp/V5/V5_20240223_11_00_00/vexv5/libv5rt.a(vex_aivision.cpp.obj)
                0x0000000003803d74                vex::aivision::takeSnapshot(vex::aivision::colordesc const&, long)
 .text._ZN3vex8aivision6objectaSEl
                0x0000000003803d88       0x5c /Users/kuanglixian/Library/Application Support/Code/User/globalStorage/vexrobotics.vexcode/sdk/cpp/V5/V5_20240223_11_00_00/vexv5/libv5rt.a(vex_aivision.cpp.obj)
                0x0000000003803d88                vex::aivision::object::operator=(long)
 .text._ZN3vex8aivisionC2El
                0x0000000003803de4       0xa0 /Users/kuanglixian/Library/Application Support/Code/User/globalStorage/vexrobotics.vexcode/sdk/cpp/V5/V5_20240223_11_00_00/vexv5/libv5rt.a(vex_aivision.cpp.obj)
                0x0000000003803de4                vex::aivision::aivision(long)
                0x0000000003803de4                vex::aivision::aivision(long)
 .text.startup._GLOBAL__sub_I__ZN3vex8aivision8ALL_TAGSE
                0x0000000003803e84       0xb0 /Users/kuanglixian/Library/Application Support/Code/User/globalStorage/vexrobotics.vexcode/sdk/cpp/V5/V5_20240223_11_00_00/vexv5/libv5rt.a(vex_aivision.cpp.obj)
 .text.vexMotorVelocitySet
                0x0000000003803f34       0x20 /Users/kuanglixian/Library/Application Support/Code/User/globalStorage/vexrobotics.vexcode/sdk/cpp/V5/V5_20240223_11_00_00/vexv5/libv5rt.a(v5_apiuser.c.obj)
                0x0000000003803f34                vexMotorVelocitySet
 .text.vexMotorActualVelocityGet
                0x0000000003803f54       0x24 /Users/kuanglixian/Library/Application Support/Code/User/globalStorage/vexrobotics.vexcode/sdk/cpp/V5/V5_20240223_11_00_00/vexv5/libv5rt.a(v5_apiuser.c.obj)
                0x0000000003803f54                vexMotorActualVelocityGet
 .text.vexMotorReverseFlagSet
                0x0000000003803f78       0x20 /Users/kuanglixian/Library/Application Support/Code/User/globalStorage/vexrobotics.vexcode/sdk/cpp/V5/V5_20240223_11_00_00/vexv5/libv5rt.a(v5_apiuser.c.obj)
                0x0000000003803f78                vexMotorReverseFlagSet
 .text.vexMotorBrakeModeSet
                0x0000000003803f98       0x20 /Users/kuanglixian/Library/Application Support/Code/User/globalStorage/vexrobotics.vexcode/sdk/cpp/V5/V5_20240223_11_00_00/vexv5/libv5rt.a(v5_apiuser.c.obj)
                0x0000000003803f98                vexMotorBrakeModeSet
 .text.vexMotorPositionSet
                0x0000000003803fb8       0x28 /Users/kuanglixian/Library/Application Support/Code/User/globalStorage/vexrobotics.vexcode/sdk/cpp/V5/V5_20240223_11_00_00/vexv5/libv5rt.a(v5_apiuser.c.obj)
                0x0000000003803fb8                vexMotorPositionSet
 .text.vexMotorGearingSet
                0x0000000003803fe0       0x20 /Users/kuanglixian/Library/Application Support/Code/User/globalStorage/vexrobotics.vexcode/sdk/cpp/V5/V5_20240223_11_00_00/vexv5/libv5rt.a(v5_apiuser.c.obj)
                0x0000000003803fe0                vexMotorGearingSet
 .text.vexMotorGearingGet
                0x0000000003804000       0x18 /Users/kuanglixian/Library/Application Support/Code/User/globalStorage/vexrobotics.vexcode/sdk/cpp/V5/V5_20240223_11_00_00/vexv5/libv5rt.a(v5_apiuser.c.obj)
                0x0000000003804000                vexMotorGearingGet
 .text.vexVisionModeSet
                0x0000000003804018       0x20 /Users/kuanglixian/Library/Application Support/Code/User/globalStorage/vexrobotics.vexcode/sdk/cpp/V5/V5_20240223_11_00_00/vexv5/libv5rt.a(v5_apiuser.c.obj)
                0x0000000003804018                vexVisionModeSet
 .text.vexVisionObjectCountGet
                0x0000000003804038       0x18 /Users/kuanglixian/Library/Application Support/Code/User/globalStorage/vexrobotics.vexcode/sdk/cpp/V5/V5_20240223_11_00_00/vexv5/libv5rt.a(v5_apiuser.c.obj)
                0x0000000003804038                vexVisionObjectCountGet
 .text.vexVisionObjectGet
                0x0000000003804050       0x28 /Users/kuanglixian/Library/Application Support/Code/User/globalStorage/vexrobotics.vexcode/sdk/cpp/V5/V5_20240223_11_00_00/vexv5/libv5rt.a(v5_apiuser.c.obj)
                0x0000000003804050                vexVisionObjectGet
 .text.vexVisionSignatureSet
                0x0000000003804078       0x20 /Users/kuanglixian/Library/Application Support/Code/User/globalStorage/vexrobotics.vexcode/sdk/cpp/V5/V5_20240223_11_00_00/vexv5/libv5rt.a(v5_apiuser.c.obj)
                0x0000000003804078                vexVisionSignatureSet
 .text.vexVisionBrightnessSet
                0x0000000003804098       0x20 /Users/kuanglixian/Library/Application Support/Code/User/globalStorage/vexrobotics.vexcode/sdk/cpp/V5/V5_20240223_11_00_00/vexv5/libv5rt.a(v5_apiuser.c.obj)
                0x0000000003804098                vexVisionBrightnessSet
 .text.vexVisionLedModeSet
                0x00000000038040b8       0x20 /Users/kuanglixian/Library/Application Support/Code/User/globalStorage/vexrobotics.vexcode/sdk/cpp/V5/V5_20240223_11_00_00/vexv5/libv5rt.a(v5_apiuser.c.obj)
                0x00000000038040b8                vexVisionLedModeSet
 .text.vexVisionLedColorSet
                0x00000000038040d8       0x2c /Users/kuanglixian/Library/Application Support/Code/User/globalStorage/vexrobotics.vexcode/sdk/cpp/V5/V5_20240223_11_00_00/vexv5/libv5rt.a(v5_apiuser.c.obj)
                0x00000000038040d8                vexVisionLedColorSet
 .text.vexOpticalHueGet
                0x0000000003804104       0x10 /Users/kuanglixian/Library/Application Support/Code/User/globalStorage/vexrobotics.vexcode/sdk/cpp/V5/V5_20240223_11_00_00/vexv5/libv5rt.a(v5_apiuser.c.obj)
                0x0000000003804104                vexOpticalHueGet
 .text.vexOpticalGestureEnable
                0x0000000003804114       0x10 /Users/kuanglixian/Library/Application Support/Code/User/globalStorage/vexrobotics.vexcode/sdk/cpp/V5/V5_20240223_11_00_00/vexv5/libv5rt.a(v5_apiuser.c.obj)
                0x0000000003804114                vexOpticalGestureEnable
 .text.vexOpticalGestureDisable
                0x0000000003804124       0x10 /Users/kuanglixian/Library/Application Support/Code/User/globalStorage/vexrobotics.vexcode/sdk/cpp/V5/V5_20240223_11_00_00/vexv5/libv5rt.a(v5_apiuser.c.obj)
                0x0000000003804124                vexOpticalGestureDisable
 .text.vexOpticalProximityThreshold
                0x0000000003804134       0x18 /Users/kuanglixian/Library/Application Support/Code/User/globalStorage/vexrobotics.vexcode/sdk/cpp/V5/V5_20240223_11_00_00/vexv5/libv5rt.a(v5_apiuser.c.obj)
                0x0000000003804134                vexOpticalProximityThreshold
 .text.vexDistanceDistanceGet
                0x000000000380414c       0x10 /Users/kuanglixian/Library/Application Support/Code/User/globalStorage/vexrobotics.vexcode/sdk/cpp/V5/V5_20240223_11_00_00/vexv5/libv5rt.a(v5_apiuser.c.obj)
                0x000000000380414c                vexDistanceDistanceGet
 .text.vexDistanceObjectSizeGet
                0x000000000380415c       0x10 /Users/kuanglixian/Library/Application Support/Code/User/globalStorage/vexrobotics.vexcode/sdk/cpp/V5/V5_20240223_11_00_00/vexv5/libv5rt.a(v5_apiuser.c.obj)
                0x000000000380415c                vexDistanceObjectSizeGet
 .text.vexDistanceObjectVelocityGet
                0x000000000380416c       0x10 /Users/kuanglixian/Library/Application Support/Code/User/globalStorage/vexrobotics.vexcode/sdk/cpp/V5/V5_20240223_11_00_00/vexv5/libv5rt.a(v5_apiuser.c.obj)
                0x000000000380416c                vexDistanceObjectVelocityGet
 .text.vexAiVisionModeSet
                0x000000000380417c       0x20 /Users/kuanglixian/Library/Application Support/Code/User/globalStorage/vexrobotics.vexcode/sdk/cpp/V5/V5_20240223_11_00_00/vexv5/libv5rt.a(v5_apiuser.c.obj)
                0x000000000380417c                vexAiVisionModeSet
 .text.vexAiVisionObjectCountGet
                0x000000000380419c       0x18 /Users/kuanglixian/Library/Application Support/Code/User/globalStorage/vexrobotics.vexcode/sdk/cpp/V5/V5_20240223_11_00_00/vexv5/libv5rt.a(v5_apiuser.c.obj)
                0x000000000380419c                vexAiVisionObjectCountGet
 .text.vexAiVisionObjectGet
                0x00000000038041b4       0x28 /Users/kuanglixian/Library/Application Support/Code/User/globalStorage/vexrobotics.vexcode/sdk/cpp/V5/V5_20240223_11_00_00/vexv5/libv5rt.a(v5_apiuser.c.obj)
                0x00000000038041b4                vexAiVisionObjectGet
 .text.vexAiVisionColorSet
                0x00000000038041dc       0x20 /Users/kuanglixian/Library/Application Support/Code/User/globalStorage/vexrobotics.vexcode/sdk/cpp/V5/V5_20240223_11_00_00/vexv5/libv5rt.a(v5_apiuser.c.obj)
                0x00000000038041dc                vexAiVisionColorSet
 .text.vexAiVisionColorGet
                0x00000000038041fc       0x28 /Users/kuanglixian/Library/Application Support/Code/User/globalStorage/vexrobotics.vexcode/sdk/cpp/V5/V5_20240223_11_00_00/vexv5/libv5rt.a(v5_apiuser.c.obj)
                0x00000000038041fc                vexAiVisionColorGet
 .text.vexAiVisionStatusGet
                0x0000000003804224       0x10 /Users/kuanglixian/Library/Application Support/Code/User/globalStorage/vexrobotics.vexcode/sdk/cpp/V5/V5_20240223_11_00_00/vexv5/libv5rt.a(v5_apiuser.c.obj)
                0x0000000003804224                vexAiVisionStatusGet
 .text.vexAiVisionClassNameGet
                0x0000000003804234       0x20 /Users/kuanglixian/Library/Application Support/Code/User/globalStorage/vexrobotics.vexcode/sdk/cpp/V5/V5_20240223_11_00_00/vexv5/libv5rt.a(v5_apiuser.c.obj)
                0x0000000003804234                vexAiVisionClassNameGet
 .text.vexEventMaskSet
                0x0000000003804254       0x28 /Users/kuanglixian/Library/Application Support/Code/User/globalStorage/vexrobotics.vexcode/sdk/cpp/V5/V5_20240223_11_00_00/vexv5/libv5rt.a(v5_apiuser.c.obj)
                0x0000000003804254                vexEventMaskSet
 .text.vexEventMaskGet
                0x000000000380427c       0x18 /Users/kuanglixian/Library/Application Support/Code/User/globalStorage/vexrobotics.vexcode/sdk/cpp/V5/V5_20240223_11_00_00/vexv5/libv5rt.a(v5_apiuser.c.obj)
                0x000000000380427c                vexEventMaskGet
 .text._ZN3vex6deviceD2Ev
                0x0000000003804294        0x4 /Users/kuanglixian/Library/Application Support/Code/User/globalStorage/vexrobotics.vexcode/sdk/cpp/V5/V5_20240223_11_00_00/vexv5/libv5rt.a(vex_device.cpp.obj)
                0x0000000003804294                vex::device::~device()
                0x0000000003804294                vex::device::~device()
 .text._ZN3vex6device5valueEv
                0x0000000003804298        0x8 /Users/kuanglixian/Library/Application Support/Code/User/globalStorage/vexrobotics.vexcode/sdk/cpp/V5/V5_20240223_11_00_00/vexv5/libv5rt.a(vex_device.cpp.obj)
                0x0000000003804298                vex::device::value()
 .text._ZN3vex6deviceD0Ev
                0x00000000038042a0       0x14 /Users/kuanglixian/Library/Application Support/Code/User/globalStorage/vexrobotics.vexcode/sdk/cpp/V5/V5_20240223_11_00_00/vexv5/libv5rt.a(vex_device.cpp.obj)
                0x00000000038042a0                vex::device::~device()
 .text._ZN3vex6device4initEl
                0x00000000038042b4       0x30 /Users/kuanglixian/Library/Application Support/Code/User/globalStorage/vexrobotics.vexcode/sdk/cpp/V5/V5_20240223_11_00_00/vexv5/libv5rt.a(vex_device.cpp.obj)
                0x00000000038042b4                vex::device::init(long)
 .text._ZN3vex6deviceC2El
                0x00000000038042e4       0x20 /Users/kuanglixian/Library/Application Support/Code/User/globalStorage/vexrobotics.vexcode/sdk/cpp/V5/V5_20240223_11_00_00/vexv5/libv5rt.a(vex_device.cpp.obj)
                0x00000000038042e4                vex::device::device(long)
                0x00000000038042e4                vex::device::device(long)
 .text._ZN3vex6device4typeEv
                0x0000000003804304       0x10 /Users/kuanglixian/Library/Application Support/Code/User/globalStorage/vexrobotics.vexcode/sdk/cpp/V5/V5_20240223_11_00_00/vexv5/libv5rt.a(vex_device.cpp.obj)
                0x0000000003804304                vex::device::type()
 .text._ZN3vex6device9installedEv
                0x0000000003804314       0x14 /Users/kuanglixian/Library/Application Support/Code/User/globalStorage/vexrobotics.vexcode/sdk/cpp/V5/V5_20240223_11_00_00/vexv5/libv5rt.a(vex_device.cpp.obj)
                0x0000000003804314                vex::device::installed()
 .text._ZN3vex4taskC2EPFivE
                0x0000000003804328       0x5c /Users/kuanglixian/Library/Application Support/Code/User/globalStorage/vexrobotics.vexcode/sdk/cpp/V5/V5_20240223_11_00_00/vexv5/libv5rt.a(vex_task.cpp.obj)
                0x0000000003804328                vex::task::task(int (*)())
                0x0000000003804328                vex::task::task(int (*)())
 .text._ZN3vex4taskD2Ev
                0x0000000003804384        0x4 /Users/kuanglixian/Library/Application Support/Code/User/globalStorage/vexrobotics.vexcode/sdk/cpp/V5/V5_20240223_11_00_00/vexv5/libv5rt.a(vex_task.cpp.obj)
                0x0000000003804384                vex::task::~task()
                0x0000000003804384                vex::task::~task()
 .text._ZN3vex4task4stopEPvi
                0x0000000003804388       0x1c /Users/kuanglixian/Library/Application Support/Code/User/globalStorage/vexrobotics.vexcode/sdk/cpp/V5/V5_20240223_11_00_00/vexv5/libv5rt.a(vex_task.cpp.obj)
                0x0000000003804388                vex::task::stop(void*, int)
 .text._ZN3vex4task6_indexEPFivE
                0x00000000038043a4       0x14 /Users/kuanglixian/Library/Application Support/Code/User/globalStorage/vexrobotics.vexcode/sdk/cpp/V5/V5_20240223_11_00_00/vexv5/libv5rt.a(vex_task.cpp.obj)
                0x00000000038043a4                vex::task::_index(int (*)())
 .text._ZN3vex4task8_stopAllEv
                0x00000000038043b8       0x3c /Users/kuanglixian/Library/Application Support/Code/User/globalStorage/vexrobotics.vexcode/sdk/cpp/V5/V5_20240223_11_00_00/vexv5/libv5rt.a(vex_task.cpp.obj)
                0x00000000038043b8                vex::task::_stopAll()
 .text.__libc_fini_array
                0x00000000038043f4       0x30 /Users/kuanglixian/Library/Application Support/Code/User/globalStorage/vexrobotics.vexcode/sdk/cpp/V5/V5_20240223_11_00_00/vexv5/gcc/libs/libc.a(lib_a-fini.o)
                0x00000000038043f4                __libc_fini_array
 .text.__libc_init_array
                0x0000000003804424       0x58 /Users/kuanglixian/Library/Application Support/Code/User/globalStorage/vexrobotics.vexcode/sdk/cpp/V5/V5_20240223_11_00_00/vexv5/gcc/libs/libc.a(lib_a-init.o)
                0x0000000003804424                __libc_init_array
 .text.strncpy  0x000000000380447c       0x74 /Users/kuanglixian/Library/Application Support/Code/User/globalStorage/vexrobotics.vexcode/sdk/cpp/V5/V5_20240223_11_00_00/vexv5/gcc/libs/libc.a(lib_a-strncpy.o)
                0x000000000380447c                strncpy
 .text.strncpy.__stub
                0x00000000038044f0       0x20 linker stubs
 *(.gnu.linkonce.t.*)
 *(.plt)
 *(.gnu_warning)
 *(.gcc_except_table)
 *(.glue_7)
 .glue_7        0x0000000003804510        0x0 linker stubs
 *(.glue_7t)
 .glue_7t       0x0000000003804510        0x0 linker stubs
 *(.vfp11_veneer)
 .vfp11_veneer  0x0000000003804510        0x0 linker stubs
 *(.ARM.extab)
 *(.gnu.linkonce.armextab.*)

.v4_bx          0x0000000003804510        0x0
 .v4_bx         0x0000000003804510        0x0 linker stubs

.iplt           0x0000000003804510        0x0
 .iplt          0x0000000003804510        0x0 build/src/main.o

.init
 *(.init)

.fini
 *(.fini)

.rodata         0x0000000003804510      0x210
                0x0000000003804510                __rodata_start = .
 *(.rodata)
 *(.rodata.*)
 .rodata.str1.1
                0x0000000003804510       0x9a build/src/main.o
                                         0xa7 (size before relaxing)
 .rodata.str1.1
                0x00000000038045aa       0x2e /Users/kuanglixian/Library/Application Support/Code/User/globalStorage/vexrobotics.vexcode/sdk/cpp/V5/V5_20240223_11_00_00/vexv5/libv5rt.a(v5_startup.c.obj)
 .rodata._ZN3vex6PORT20E
                0x00000000038045d8        0x4 /Users/kuanglixian/Library/Application Support/Code/User/globalStorage/vexrobotics.vexcode/sdk/cpp/V5/V5_20240223_11_00_00/vexv5/libv5rt.a(vex_global.cpp.obj)
                0x00000000038045d8                vex::PORT20
 .rodata._ZN3vex5PORT3E
                0x00000000038045dc        0x4 /Users/kuanglixian/Library/Application Support/Code/User/globalStorage/vexrobotics.vexcode/sdk/cpp/V5/V5_20240223_11_00_00/vexv5/libv5rt.a(vex_global.cpp.obj)
                0x00000000038045dc                vex::PORT3
 .rodata._ZN3vex7reverseE
                0x00000000038045e0        0x4 /Users/kuanglixian/Library/Application Support/Code/User/globalStorage/vexrobotics.vexcode/sdk/cpp/V5/V5_20240223_11_00_00/vexv5/libv5rt.a(vex_global.cpp.obj)
                0x00000000038045e0                vex::reverse
 .rodata._ZN3vex6PORT10E
                0x00000000038045e4        0x4 /Users/kuanglixian/Library/Application Support/Code/User/globalStorage/vexrobotics.vexcode/sdk/cpp/V5/V5_20240223_11_00_00/vexv5/libv5rt.a(vex_global.cpp.obj)
                0x00000000038045e4                vex::PORT10
 .rodata._ZN3vex7forwardE
                0x00000000038045e8        0x4 /Users/kuanglixian/Library/Application Support/Code/User/globalStorage/vexrobotics.vexcode/sdk/cpp/V5/V5_20240223_11_00_00/vexv5/libv5rt.a(vex_global.cpp.obj)
                0x00000000038045e8                vex::forward
 .rodata._ZN3vex4msecE
                0x00000000038045ec        0x4 /Users/kuanglixian/Library/Application Support/Code/User/globalStorage/vexrobotics.vexcode/sdk/cpp/V5/V5_20240223_11_00_00/vexv5/libv5rt.a(vex_global.cpp.obj)
                0x00000000038045ec                vex::msec
 .rodata._ZN3vex5PORT2E
                0x00000000038045f0        0x4 /Users/kuanglixian/Library/Application Support/Code/User/globalStorage/vexrobotics.vexcode/sdk/cpp/V5/V5_20240223_11_00_00/vexv5/libv5rt.a(vex_global.cpp.obj)
                0x00000000038045f0                vex::PORT2
 .rodata._ZN3vex6PORT11E
                0x00000000038045f4        0x4 /Users/kuanglixian/Library/Application Support/Code/User/globalStorage/vexrobotics.vexcode/sdk/cpp/V5/V5_20240223_11_00_00/vexv5/libv5rt.a(vex_global.cpp.obj)
                0x00000000038045f4                vex::PORT11
 .rodata._ZN3vex7primaryE
                0x00000000038045f8        0x4 /Users/kuanglixian/Library/Application Support/Code/User/globalStorage/vexrobotics.vexcode/sdk/cpp/V5/V5_20240223_11_00_00/vexv5/libv5rt.a(vex_global.cpp.obj)
                0x00000000038045f8                vex::primary
 .rodata._ZN3vex6PORT15E
                0x00000000038045fc        0x4 /Users/kuanglixian/Library/Application Support/Code/User/globalStorage/vexrobotics.vexcode/sdk/cpp/V5/V5_20240223_11_00_00/vexv5/libv5rt.a(vex_global.cpp.obj)
                0x00000000038045fc                vex::PORT15
 .rodata._ZN3vex6PORT19E
                0x0000000003804600        0x4 /Users/kuanglixian/Library/Application Support/Code/User/globalStorage/vexrobotics.vexcode/sdk/cpp/V5/V5_20240223_11_00_00/vexv5/libv5rt.a(vex_global.cpp.obj)
                0x0000000003804600                vex::PORT19
 .rodata._ZN3vex6PORT22E
                0x0000000003804604        0x4 /Users/kuanglixian/Library/Application Support/Code/User/globalStorage/vexrobotics.vexcode/sdk/cpp/V5/V5_20240223_11_00_00/vexv5/libv5rt.a(vex_global.cpp.obj)
                0x0000000003804604                vex::PORT22
 .rodata._ZN3vex4holdE
                0x0000000003804608        0x4 /Users/kuanglixian/Library/Application Support/Code/User/globalStorage/vexrobotics.vexcode/sdk/cpp/V5/V5_20240223_11_00_00/vexv5/libv5rt.a(vex_global.cpp.obj)
                0x0000000003804608                vex::hold
 .rodata._ZN3vex6PORT16E
                0x000000000380460c        0x4 /Users/kuanglixian/Library/Application Support/Code/User/globalStorage/vexrobotics.vexcode/sdk/cpp/V5/V5_20240223_11_00_00/vexv5/libv5rt.a(vex_global.cpp.obj)
                0x000000000380460c                vex::PORT16
 .rodata._ZN3vex2mmE
                0x0000000003804610        0x4 /Users/kuanglixian/Library/Application Support/Code/User/globalStorage/vexrobotics.vexcode/sdk/cpp/V5/V5_20240223_11_00_00/vexv5/libv5rt.a(vex_global.cpp.obj)
                0x0000000003804610                vex::mm
 .rodata._ZN3vex5brakeE
                0x0000000003804614        0x4 /Users/kuanglixian/Library/Application Support/Code/User/globalStorage/vexrobotics.vexcode/sdk/cpp/V5/V5_20240223_11_00_00/vexv5/libv5rt.a(vex_global.cpp.obj)
                0x0000000003804614                vex::brake
 .rodata._ZTVN3vex5motorE
                0x0000000003804618       0x18 /Users/kuanglixian/Library/Application Support/Code/User/globalStorage/vexrobotics.vexcode/sdk/cpp/V5/V5_20240223_11_00_00/vexv5/libv5rt.a(vex_motor.cpp.obj)
                0x0000000003804618                vtable for vex::motor
 .rodata._ZTVN3vex6visionE
                0x0000000003804630       0x18 /Users/kuanglixian/Library/Application Support/Code/User/globalStorage/vexrobotics.vexcode/sdk/cpp/V5/V5_20240223_11_00_00/vexv5/libv5rt.a(vex_vision.cpp.obj)
                0x0000000003804630                vtable for vex::vision
 .rodata._ZTVN3vex7opticalE
                0x0000000003804648       0x18 /Users/kuanglixian/Library/Application Support/Code/User/globalStorage/vexrobotics.vexcode/sdk/cpp/V5/V5_20240223_11_00_00/vexv5/libv5rt.a(vex_optical.cpp.obj)
                0x0000000003804648                vtable for vex::optical
 .rodata._ZTVN3vex8distanceE
                0x0000000003804660       0x18 /Users/kuanglixian/Library/Application Support/Code/User/globalStorage/vexrobotics.vexcode/sdk/cpp/V5/V5_20240223_11_00_00/vexv5/libv5rt.a(vex_distance.cpp.obj)
                0x0000000003804660                vtable for vex::distance
 .rodata.CSWTCH.16
                0x0000000003804678        0xb /Users/kuanglixian/Library/Application Support/Code/User/globalStorage/vexrobotics.vexcode/sdk/cpp/V5/V5_20240223_11_00_00/vexv5/libv5rt.a(vex_controller.cpp.obj)
 .rodata.CSWTCH.18
                0x0000000003804683        0xb /Users/kuanglixian/Library/Application Support/Code/User/globalStorage/vexrobotics.vexcode/sdk/cpp/V5/V5_20240223_11_00_00/vexv5/libv5rt.a(vex_controller.cpp.obj)
 .rodata.CSWTCH.24
                0x000000000380468e        0x3 /Users/kuanglixian/Library/Application Support/Code/User/globalStorage/vexrobotics.vexcode/sdk/cpp/V5/V5_20240223_11_00_00/vexv5/libv5rt.a(vex_controller.cpp.obj)
 .rodata.str1.1
                0x0000000003804691       0x2d /Users/kuanglixian/Library/Application Support/Code/User/globalStorage/vexrobotics.vexcode/sdk/cpp/V5/V5_20240223_11_00_00/vexv5/libv5rt.a(vex_brain.cpp.obj)
 *fill*         0x00000000038046be        0x2 
 .rodata._ZTVN3vex7triportE
                0x00000000038046c0       0x18 /Users/kuanglixian/Library/Application Support/Code/User/globalStorage/vexrobotics.vexcode/sdk/cpp/V5/V5_20240223_11_00_00/vexv5/libv5rt.a(vex_triport.cpp.obj)
                0x00000000038046c0                vtable for vex::triport
 .rodata._ZTVN3vex8aivisionE